[1.235s] Invoking command in '/home/rmc/ros2cli/build/ros2node': AMENT_PREFIX_PATH=/home/rmc/ros2cli/install/ros2cli:${AMENT_PREFIX_PATH} DEBUGINFOD_URLS=https://debuginfod.ubuntu.com PATH=/home/rmc/ros2cli/install/ros2cli/bin:${PATH} PYTHONPATH=/home/rmc/ros2cli/build/ros2node/prefix_override:/usr/lib/python3/dist-packages/colcon_core/task/python/colcon_distutils_commands:/home/rmc/ros2cli/install/ros2node/lib/python3.12/site-packages:/home/rmc/ros2cli/build/ros2cli:/home/rmc/ros2cli/install/ros2cli/lib/python3.12/site-packages:${PYTHONPATH} /usr/bin/python3 -W ignore:setup.py install is deprecated -W ignore:easy_install command is deprecated setup.py develop --editable --build-directory /home/rmc/ros2cli/build/ros2node/build --no-deps symlink_data
[1.449s] running develop
[1.572s] running egg_info
[1.572s] creating ros2node.egg-info
[1.584s] writing ros2node.egg-info/PKG-INFO
[1.584s] writing dependency_links to ros2node.egg-info/dependency_links.txt
[1.584s] writing entry points to ros2node.egg-info/entry_points.txt
[1.584s] writing requirements to ros2node.egg-info/requires.txt
[1.584s] writing top-level names to ros2node.egg-info/top_level.txt
[1.584s] writing manifest file 'ros2node.egg-info/SOURCES.txt'
[1.610s] reading manifest file 'ros2node.egg-info/SOURCES.txt'
[1.610s] writing manifest file 'ros2node.egg-info/SOURCES.txt'
[1.625s] running build_ext
[1.625s] Creating /home/rmc/ros2cli/install/ros2node/lib/python3.12/site-packages/ros2node.egg-link (link to .)
[1.626s] 
[1.626s] Installed /home/rmc/ros2cli/build/ros2node
[1.626s] running symlink_data
[1.626s] symbolically linking /home/rmc/ros2cli/build/ros2node/package.xml -> /home/rmc/ros2cli/install/ros2node/share/ros2node
[1.626s] creating /home/rmc/ros2cli/install/ros2node/share/ament_index
[1.626s] creating /home/rmc/ros2cli/install/ros2node/share/ament_index/resource_index
[1.626s] creating /home/rmc/ros2cli/install/ros2node/share/ament_index/resource_index/packages
[1.626s] symbolically linking /home/rmc/ros2cli/build/ros2node/resource/ros2node -> /home/rmc/ros2cli/install/ros2node/share/ament_index/resource_index/packages
[1.788s] Invoked command in '/home/rmc/ros2cli/build/ros2node' returned '0': AMENT_PREFIX_PATH=/home/rmc/ros2cli/install/ros2cli:${AMENT_PREFIX_PATH} DEBUGINFOD_URLS=https://debuginfod.ubuntu.com PATH=/home/rmc/ros2cli/install/ros2cli/bin:${PATH} PYTHONPATH=/home/rmc/ros2cli/build/ros2node/prefix_override:/usr/lib/python3/dist-packages/colcon_core/task/python/colcon_distutils_commands:/home/rmc/ros2cli/install/ros2node/lib/python3.12/site-packages:/home/rmc/ros2cli/build/ros2cli:/home/rmc/ros2cli/install/ros2cli/lib/python3.12/site-packages:${PYTHONPATH} /usr/bin/python3 -W ignore:setup.py install is deprecated -W ignore:easy_install command is deprecated setup.py develop --editable --build-directory /home/rmc/ros2cli/build/ros2node/build --no-deps symlink_data
