running develop
running egg_info
creating ros2cli.egg-info
writing ros2cli.egg-info/PKG-INFO
writing dependency_links to ros2cli.egg-info/dependency_links.txt
writing entry points to ros2cli.egg-info/entry_points.txt
writing requirements to ros2cli.egg-info/requires.txt
writing top-level names to ros2cli.egg-info/top_level.txt
writing manifest file 'ros2cli.egg-info/SOURCES.txt'
reading manifest file 'ros2cli.egg-info/SOURCES.txt'
writing manifest file 'ros2cli.egg-info/SOURCES.txt'
running build_ext
Creating /home/rmc/ros2cli/install/ros2cli/lib/python3.12/site-packages/ros2cli.egg-link (link to .)
Installing _ros2_daemon script to /home/rmc/ros2cli/install/ros2cli/bin
Installing ros2 script to /home/rmc/ros2cli/install/ros2cli/bin

Installed /home/rmc/ros2cli/build/ros2cli
running symlink_data
creating /home/rmc/ros2cli/install/ros2cli/share/ament_index
creating /home/rmc/ros2cli/install/ros2cli/share/ament_index/resource_index
creating /home/rmc/ros2cli/install/ros2cli/share/ament_index/resource_index/packages
symbolically linking /home/rmc/ros2cli/build/ros2cli/resource/ros2cli -> /home/rmc/ros2cli/install/ros2cli/share/ament_index/resource_index/packages
symbolically linking /home/rmc/ros2cli/build/ros2cli/package.xml -> /home/rmc/ros2cli/install/ros2cli/share/ros2cli
symbolically linking /home/rmc/ros2cli/build/ros2cli/resource/package.dsv -> /home/rmc/ros2cli/install/ros2cli/share/ros2cli
creating /home/rmc/ros2cli/install/ros2cli/share/ros2cli/environment
symbolically linking /home/rmc/ros2cli/build/ros2cli/completion/ros2-argcomplete.bash -> /home/rmc/ros2cli/install/ros2cli/share/ros2cli/environment
symbolically linking /home/rmc/ros2cli/build/ros2cli/completion/ros2-argcomplete.zsh -> /home/rmc/ros2cli/install/ros2cli/share/ros2cli/environment
