[0.480s] Invoking command in '/home/rmc/ros2cli/build/ros2component': AMENT_PREFIX_PATH=/home/rmc/ros2cli/install/ros2param:/home/rmc/ros2cli/install/ros2service:/home/rmc/ros2cli/install/ros2pkg:/home/rmc/ros2cli/install/ros2node:/home/rmc/ros2cli/install/ros2cli:${AMENT_PREFIX_PATH} DEBUGINFOD_URLS=https://debuginfod.ubuntu.com PATH=/home/rmc/ros2cli/install/ros2cli/bin:${PATH} PYTHONPATH=/home/rmc/ros2cli/build/ros2component/prefix_override:/usr/lib/python3/dist-packages/colcon_core/task/python/colcon_distutils_commands:/home/rmc/ros2cli/install/ros2component/lib/python3.12/site-packages:/home/rmc/ros2cli/build/ros2param:/home/rmc/ros2cli/install/ros2param/lib/python3.12/site-packages:/home/rmc/ros2cli/build/ros2service:/home/rmc/ros2cli/install/ros2service/lib/python3.12/site-packages:/home/rmc/ros2cli/build/ros2pkg:/home/rmc/ros2cli/install/ros2pkg/lib/python3.12/site-packages:/home/rmc/ros2cli/build/ros2node:/home/rmc/ros2cli/install/ros2node/lib/python3.12/site-packages:/home/rmc/ros2cli/build/ros2cli:/home/rmc/ros2cli/install/ros2cli/lib/python3.12/site-packages:${PYTHONPATH} /usr/bin/python3 -W ignore:setup.py install is deprecated -W ignore:easy_install command is deprecated setup.py develop --editable --build-directory /home/rmc/ros2cli/build/ros2component/build --no-deps symlink_data
[0.687s] running develop
[0.805s] running egg_info
[0.805s] creating ros2component.egg-info
[0.816s] writing ros2component.egg-info/PKG-INFO
[0.816s] writing dependency_links to ros2component.egg-info/dependency_links.txt
[0.816s] writing entry points to ros2component.egg-info/entry_points.txt
[0.816s] writing requirements to ros2component.egg-info/requires.txt
[0.816s] writing top-level names to ros2component.egg-info/top_level.txt
[0.816s] writing manifest file 'ros2component.egg-info/SOURCES.txt'
[0.840s] reading manifest file 'ros2component.egg-info/SOURCES.txt'
[0.840s] writing manifest file 'ros2component.egg-info/SOURCES.txt'
[0.852s] running build_ext
[0.852s] Creating /home/rmc/ros2cli/install/ros2component/lib/python3.12/site-packages/ros2component.egg-link (link to .)
[0.852s] 
[0.853s] Installed /home/rmc/ros2cli/build/ros2component
[0.853s] running symlink_data
[0.853s] symbolically linking /home/rmc/ros2cli/build/ros2component/package.xml -> /home/rmc/ros2cli/install/ros2component/share/ros2component
[0.853s] creating /home/rmc/ros2cli/install/ros2component/share/ament_index
[0.853s] creating /home/rmc/ros2cli/install/ros2component/share/ament_index/resource_index
[0.853s] creating /home/rmc/ros2cli/install/ros2component/share/ament_index/resource_index/packages
[0.853s] symbolically linking /home/rmc/ros2cli/build/ros2component/resource/ros2component -> /home/rmc/ros2cli/install/ros2component/share/ament_index/resource_index/packages
[0.875s] Invoked command in '/home/rmc/ros2cli/build/ros2component' returned '0': AMENT_PREFIX_PATH=/home/rmc/ros2cli/install/ros2param:/home/rmc/ros2cli/install/ros2service:/home/rmc/ros2cli/install/ros2pkg:/home/rmc/ros2cli/install/ros2node:/home/rmc/ros2cli/install/ros2cli:${AMENT_PREFIX_PATH} DEBUGINFOD_URLS=https://debuginfod.ubuntu.com PATH=/home/rmc/ros2cli/install/ros2cli/bin:${PATH} PYTHONPATH=/home/rmc/ros2cli/build/ros2component/prefix_override:/usr/lib/python3/dist-packages/colcon_core/task/python/colcon_distutils_commands:/home/rmc/ros2cli/install/ros2component/lib/python3.12/site-packages:/home/rmc/ros2cli/build/ros2param:/home/rmc/ros2cli/install/ros2param/lib/python3.12/site-packages:/home/rmc/ros2cli/build/ros2service:/home/rmc/ros2cli/install/ros2service/lib/python3.12/site-packages:/home/rmc/ros2cli/build/ros2pkg:/home/rmc/ros2cli/install/ros2pkg/lib/python3.12/site-packages:/home/rmc/ros2cli/build/ros2node:/home/rmc/ros2cli/install/ros2node/lib/python3.12/site-packages:/home/rmc/ros2cli/build/ros2cli:/home/rmc/ros2cli/install/ros2cli/lib/python3.12/site-packages:${PYTHONPATH} /usr/bin/python3 -W ignore:setup.py install is deprecated -W ignore:easy_install command is deprecated setup.py develop --editable --build-directory /home/rmc/ros2cli/build/ros2component/build --no-deps symlink_data
