running develop
running egg_info
creating ros2run.egg-info
writing ros2run.egg-info/PKG-INFO
writing dependency_links to ros2run.egg-info/dependency_links.txt
writing entry points to ros2run.egg-info/entry_points.txt
writing requirements to ros2run.egg-info/requires.txt
writing top-level names to ros2run.egg-info/top_level.txt
writing manifest file 'ros2run.egg-info/SOURCES.txt'
reading manifest file 'ros2run.egg-info/SOURCES.txt'
writing manifest file 'ros2run.egg-info/SOURCES.txt'
running build_ext
Creating /home/rmc/ros2cli/install/ros2run/lib/python3.12/site-packages/ros2run.egg-link (link to .)

Installed /home/rmc/ros2cli/build/ros2run
running symlink_data
symbolically linking /home/rmc/ros2cli/build/ros2run/package.xml -> /home/rmc/ros2cli/install/ros2run/share/ros2run
creating /home/rmc/ros2cli/install/ros2run/share/ament_index
creating /home/rmc/ros2cli/install/ros2run/share/ament_index/resource_index
creating /home/rmc/ros2cli/install/ros2run/share/ament_index/resource_index/packages
symbolically linking /home/rmc/ros2cli/build/ros2run/resource/ros2run -> /home/rmc/ros2cli/install/ros2run/share/ament_index/resource_index/packages
