[0.570s] Invoking command in '/home/rmc/ros2cli/build/ros2run': AMENT_PREFIX_PATH=/home/rmc/ros2cli/install/ros2pkg:/home/rmc/ros2cli/install/ros2cli:${AMENT_PREFIX_PATH} DEBUGINFOD_URLS=https://debuginfod.ubuntu.com PATH=/home/rmc/ros2cli/install/ros2cli/bin:${PATH} PYTHONPATH=/home/rmc/ros2cli/build/ros2run/prefix_override:/usr/lib/python3/dist-packages/colcon_core/task/python/colcon_distutils_commands:/home/rmc/ros2cli/install/ros2run/lib/python3.12/site-packages:/home/rmc/ros2cli/build/ros2pkg:/home/rmc/ros2cli/install/ros2pkg/lib/python3.12/site-packages:/home/rmc/ros2cli/build/ros2cli:/home/rmc/ros2cli/install/ros2cli/lib/python3.12/site-packages:${PYTHONPATH} /usr/bin/python3 -W ignore:setup.py install is deprecated -W ignore:easy_install command is deprecated setup.py develop --editable --build-directory /home/rmc/ros2cli/build/ros2run/build --no-deps symlink_data
[0.784s] running develop
[0.953s] running egg_info
[0.953s] creating ros2run.egg-info
[0.983s] writing ros2run.egg-info/PKG-INFO
[0.983s] writing dependency_links to ros2run.egg-info/dependency_links.txt
[0.984s] writing entry points to ros2run.egg-info/entry_points.txt
[0.984s] writing requirements to ros2run.egg-info/requires.txt
[0.984s] writing top-level names to ros2run.egg-info/top_level.txt
[0.984s] writing manifest file 'ros2run.egg-info/SOURCES.txt'
[1.044s] reading manifest file 'ros2run.egg-info/SOURCES.txt'
[1.045s] writing manifest file 'ros2run.egg-info/SOURCES.txt'
[1.076s] running build_ext
[1.076s] Creating /home/rmc/ros2cli/install/ros2run/lib/python3.12/site-packages/ros2run.egg-link (link to .)
[1.076s] 
[1.077s] Installed /home/rmc/ros2cli/build/ros2run
[1.077s] running symlink_data
[1.077s] symbolically linking /home/rmc/ros2cli/build/ros2run/package.xml -> /home/rmc/ros2cli/install/ros2run/share/ros2run
[1.077s] creating /home/rmc/ros2cli/install/ros2run/share/ament_index
[1.077s] creating /home/rmc/ros2cli/install/ros2run/share/ament_index/resource_index
[1.077s] creating /home/rmc/ros2cli/install/ros2run/share/ament_index/resource_index/packages
[1.077s] symbolically linking /home/rmc/ros2cli/build/ros2run/resource/ros2run -> /home/rmc/ros2cli/install/ros2run/share/ament_index/resource_index/packages
[1.144s] Invoked command in '/home/rmc/ros2cli/build/ros2run' returned '0': AMENT_PREFIX_PATH=/home/rmc/ros2cli/install/ros2pkg:/home/rmc/ros2cli/install/ros2cli:${AMENT_PREFIX_PATH} DEBUGINFOD_URLS=https://debuginfod.ubuntu.com PATH=/home/rmc/ros2cli/install/ros2cli/bin:${PATH} PYTHONPATH=/home/rmc/ros2cli/build/ros2run/prefix_override:/usr/lib/python3/dist-packages/colcon_core/task/python/colcon_distutils_commands:/home/rmc/ros2cli/install/ros2run/lib/python3.12/site-packages:/home/rmc/ros2cli/build/ros2pkg:/home/rmc/ros2cli/install/ros2pkg/lib/python3.12/site-packages:/home/rmc/ros2cli/build/ros2cli:/home/rmc/ros2cli/install/ros2cli/lib/python3.12/site-packages:${PYTHONPATH} /usr/bin/python3 -W ignore:setup.py install is deprecated -W ignore:easy_install command is deprecated setup.py develop --editable --build-directory /home/rmc/ros2cli/build/ros2run/build --no-deps symlink_data
