[0.530s] Invoking command in '/home/rmc/ros2cli/build/ros2doctor': DEBUGINFOD_URLS=https://debuginfod.ubuntu.com PYTHONPATH=/home/rmc/ros2cli/build/ros2doctor/prefix_override:/usr/lib/python3/dist-packages/colcon_core/task/python/colcon_distutils_commands:/home/rmc/ros2cli/install/ros2doctor/lib/python3.12/site-packages:${PYTHONPATH} /usr/bin/python3 -W ignore:setup.py install is deprecated -W ignore:easy_install command is deprecated setup.py develop --editable --build-directory /home/rmc/ros2cli/build/ros2doctor/build --no-deps symlink_data
[0.732s] running develop
[0.854s] running egg_info
[0.854s] creating ros2doctor.egg-info
[0.867s] writing ros2doctor.egg-info/PKG-INFO
[0.867s] writing dependency_links to ros2doctor.egg-info/dependency_links.txt
[0.867s] writing entry points to ros2doctor.egg-info/entry_points.txt
[0.867s] writing requirements to ros2doctor.egg-info/requires.txt
[0.867s] writing top-level names to ros2doctor.egg-info/top_level.txt
[0.867s] writing manifest file 'ros2doctor.egg-info/SOURCES.txt'
[0.892s] reading manifest file 'ros2doctor.egg-info/SOURCES.txt'
[0.893s] writing manifest file 'ros2doctor.egg-info/SOURCES.txt'
[0.906s] running build_ext
[0.906s] Creating /home/rmc/ros2cli/install/ros2doctor/lib/python3.12/site-packages/ros2doctor.egg-link (link to .)
[0.907s] 
[0.907s] Installed /home/rmc/ros2cli/build/ros2doctor
[0.907s] running symlink_data
[0.907s] symbolically linking /home/rmc/ros2cli/build/ros2doctor/package.xml -> /home/rmc/ros2cli/install/ros2doctor/share/ros2doctor
[0.907s] creating /home/rmc/ros2cli/install/ros2doctor/share/ament_index
[0.907s] creating /home/rmc/ros2cli/install/ros2doctor/share/ament_index/resource_index
[0.907s] creating /home/rmc/ros2cli/install/ros2doctor/share/ament_index/resource_index/packages
[0.907s] symbolically linking /home/rmc/ros2cli/build/ros2doctor/resource/ros2doctor -> /home/rmc/ros2cli/install/ros2doctor/share/ament_index/resource_index/packages
[0.944s] Invoked command in '/home/rmc/ros2cli/build/ros2doctor' returned '0': DEBUGINFOD_URLS=https://debuginfod.ubuntu.com PYTHONPATH=/home/rmc/ros2cli/build/ros2doctor/prefix_override:/usr/lib/python3/dist-packages/colcon_core/task/python/colcon_distutils_commands:/home/rmc/ros2cli/install/ros2doctor/lib/python3.12/site-packages:${PYTHONPATH} /usr/bin/python3 -W ignore:setup.py install is deprecated -W ignore:easy_install command is deprecated setup.py develop --editable --build-directory /home/rmc/ros2cli/build/ros2doctor/build --no-deps symlink_data
