[0.060s] DEBUG:colcon:Command line arguments: ['/usr/bin/colcon', 'build', '--packages-select', 'ros2doctor', '--symlink-install']
[0.060s] DEBUG:colcon:Parsed command line arguments: Namespace(log_base=None, log_level=None, verb_name='build', build_base='build', install_base='install', merge_install=False, symlink_install=True, test_result_base=None, continue_on_error=False, executor='parallel', parallel_workers=32, event_handlers=None, ignore_user_meta=False, metas=['./colcon.meta'], base_paths=['.'], packages_ignore=None, packages_ignore_regex=None, paths=None, packages_up_to=None, packages_up_to_regex=None, packages_above=None, packages_above_and_dependencies=None, packages_above_depth=None, packages_select_by_dep=None, packages_skip_by_dep=None, packages_skip_up_to=None, packages_select_build_failed=False, packages_skip_build_finished=False, packages_select_test_failures=False, packages_skip_test_passed=False, packages_select=['ros2doctor'], packages_skip=None, packages_select_regex=None, packages_skip_regex=None, packages_start=None, packages_end=None, allow_overriding=[], cmake_args=None, cmake_target=None, cmake_target_skip_unavailable=False, cmake_clean_cache=False, cmake_clean_first=False, cmake_force_configure=False, ament_cmake_args=None, catkin_cmake_args=None, catkin_skip_building_tests=False, mixin_files=None, mixin=None, verb_parser=<colcon_mixin.mixin.mixin_argument.MixinArgumentDecorator object at 0x71f875daba70>, verb_extension=<colcon_core.verb.build.BuildVerb object at 0x71f875dab230>, main=<bound method BuildVerb.main of <colcon_core.verb.build.BuildVerb object at 0x71f875dab230>>, mixin_verb=('build',))
[0.081s] Level 1:colcon.colcon_core.package_discovery:discover_packages(colcon_meta) check parameters
[0.081s] Level 1:colcon.colcon_core.package_discovery:discover_packages(recursive) check parameters
[0.081s] Level 1:colcon.colcon_core.package_discovery:discover_packages(ignore) check parameters
[0.081s] Level 1:colcon.colcon_core.package_discovery:discover_packages(path) check parameters
[0.081s] Level 1:colcon.colcon_core.package_discovery:discover_packages(colcon_meta) discover
[0.081s] Level 1:colcon.colcon_core.package_discovery:discover_packages(recursive) discover
[0.081s] INFO:colcon.colcon_core.package_discovery:Crawling recursively for packages in '/home/rmc/ros2cli'
[0.081s] Level 1:colcon.colcon_core.package_identification:_identify(.) by extensions ['ignore', 'ignore_ament_install']
[0.081s] Level 1:colcon.colcon_core.package_identification:_identify(.) by extension 'ignore'
[0.082s] Level 1:colcon.colcon_core.package_identification:_identify(.) by extension 'ignore_ament_install'
[0.082s] Level 1:colcon.colcon_core.package_identification:_identify(.) by extensions ['colcon_pkg']
[0.082s] Level 1:colcon.colcon_core.package_identification:_identify(.) by extension 'colcon_pkg'
[0.082s] Level 1:colcon.colcon_core.package_identification:_identify(.) by extensions ['colcon_meta']
[0.082s] Level 1:colcon.colcon_core.package_identification:_identify(.) by extension 'colcon_meta'
[0.082s] Level 1:colcon.colcon_core.package_identification:_identify(.) by extensions ['ros']
[0.082s] Level 1:colcon.colcon_core.package_identification:_identify(.) by extension 'ros'
[0.097s] Level 1:colcon.colcon_core.package_identification:_identify(.) by extensions ['cmake', 'python']
[0.097s] Level 1:colcon.colcon_core.package_identification:_identify(.) by extension 'cmake'
[0.097s] Level 1:colcon.colcon_core.package_identification:_identify(.) by extension 'python'
[0.097s] Level 1:colcon.colcon_core.package_identification:_identify(.) by extensions ['python_setup_py']
[0.097s] Level 1:colcon.colcon_core.package_identification:_identify(.) by extension 'python_setup_py'
[0.097s] Level 1:colcon.colcon_core.package_identification:_identify(build) by extensions ['ignore', 'ignore_ament_install']
[0.097s] Level 1:colcon.colcon_core.package_identification:_identify(build) by extension 'ignore'
[0.097s] Level 1:colcon.colcon_core.package_identification:_identify(build) ignored
[0.097s] Level 1:colcon.colcon_core.package_identification:_identify(install) by extensions ['ignore', 'ignore_ament_install']
[0.097s] Level 1:colcon.colcon_core.package_identification:_identify(install) by extension 'ignore'
[0.097s] Level 1:colcon.colcon_core.package_identification:_identify(install) ignored
[0.097s] Level 1:colcon.colcon_core.package_identification:_identify(log) by extensions ['ignore', 'ignore_ament_install']
[0.097s] Level 1:colcon.colcon_core.package_identification:_identify(log) by extension 'ignore'
[0.097s] Level 1:colcon.colcon_core.package_identification:_identify(log) ignored
[0.097s] Level 1:colcon.colcon_core.package_identification:_identify(ros2action) by extensions ['ignore', 'ignore_ament_install']
[0.097s] Level 1:colcon.colcon_core.package_identification:_identify(ros2action) by extension 'ignore'
[0.097s] Level 1:colcon.colcon_core.package_identification:_identify(ros2action) by extension 'ignore_ament_install'
[0.097s] Level 1:colcon.colcon_core.package_identification:_identify(ros2action) by extensions ['colcon_pkg']
[0.097s] Level 1:colcon.colcon_core.package_identification:_identify(ros2action) by extension 'colcon_pkg'
[0.097s] Level 1:colcon.colcon_core.package_identification:_identify(ros2action) by extensions ['colcon_meta']
[0.097s] Level 1:colcon.colcon_core.package_identification:_identify(ros2action) by extension 'colcon_meta'
[0.097s] Level 1:colcon.colcon_core.package_identification:_identify(ros2action) by extensions ['ros']
[0.097s] Level 1:colcon.colcon_core.package_identification:_identify(ros2action) by extension 'ros'
[0.099s] DEBUG:colcon.colcon_core.package_identification:Package 'ros2action' with type 'ros.ament_python' and name 'ros2action'
[0.099s] Level 1:colcon.colcon_core.package_identification:_identify(ros2cli) by extensions ['ignore', 'ignore_ament_install']
[0.099s] Level 1:colcon.colcon_core.package_identification:_identify(ros2cli) by extension 'ignore'
[0.099s] Level 1:colcon.colcon_core.package_identification:_identify(ros2cli) by extension 'ignore_ament_install'
[0.099s] Level 1:colcon.colcon_core.package_identification:_identify(ros2cli) by extensions ['colcon_pkg']
[0.099s] Level 1:colcon.colcon_core.package_identification:_identify(ros2cli) by extension 'colcon_pkg'
[0.100s] Level 1:colcon.colcon_core.package_identification:_identify(ros2cli) by extensions ['colcon_meta']
[0.100s] Level 1:colcon.colcon_core.package_identification:_identify(ros2cli) by extension 'colcon_meta'
[0.100s] Level 1:colcon.colcon_core.package_identification:_identify(ros2cli) by extensions ['ros']
[0.100s] Level 1:colcon.colcon_core.package_identification:_identify(ros2cli) by extension 'ros'
[0.100s] DEBUG:colcon.colcon_core.package_identification:Package 'ros2cli' with type 'ros.ament_python' and name 'ros2cli'
[0.100s] Level 1:colcon.colcon_core.package_identification:_identify(ros2cli_test_interfaces) by extensions ['ignore', 'ignore_ament_install']
[0.100s] Level 1:colcon.colcon_core.package_identification:_identify(ros2cli_test_interfaces) by extension 'ignore'
[0.100s] Level 1:colcon.colcon_core.package_identification:_identify(ros2cli_test_interfaces) by extension 'ignore_ament_install'
[0.100s] Level 1:colcon.colcon_core.package_identification:_identify(ros2cli_test_interfaces) by extensions ['colcon_pkg']
[0.100s] Level 1:colcon.colcon_core.package_identification:_identify(ros2cli_test_interfaces) by extension 'colcon_pkg'
[0.100s] Level 1:colcon.colcon_core.package_identification:_identify(ros2cli_test_interfaces) by extensions ['colcon_meta']
[0.100s] Level 1:colcon.colcon_core.package_identification:_identify(ros2cli_test_interfaces) by extension 'colcon_meta'
[0.100s] Level 1:colcon.colcon_core.package_identification:_identify(ros2cli_test_interfaces) by extensions ['ros']
[0.100s] Level 1:colcon.colcon_core.package_identification:_identify(ros2cli_test_interfaces) by extension 'ros'
[0.100s] DEBUG:colcon.colcon_core.package_identification:Package 'ros2cli_test_interfaces' with type 'ros.ament_cmake' and name 'ros2cli_test_interfaces'
[0.100s] Level 1:colcon.colcon_core.package_identification:_identify(ros2component) by extensions ['ignore', 'ignore_ament_install']
[0.100s] Level 1:colcon.colcon_core.package_identification:_identify(ros2component) by extension 'ignore'
[0.101s] Level 1:colcon.colcon_core.package_identification:_identify(ros2component) by extension 'ignore_ament_install'
[0.101s] Level 1:colcon.colcon_core.package_identification:_identify(ros2component) by extensions ['colcon_pkg']
[0.101s] Level 1:colcon.colcon_core.package_identification:_identify(ros2component) by extension 'colcon_pkg'
[0.101s] Level 1:colcon.colcon_core.package_identification:_identify(ros2component) by extensions ['colcon_meta']
[0.101s] Level 1:colcon.colcon_core.package_identification:_identify(ros2component) by extension 'colcon_meta'
[0.101s] Level 1:colcon.colcon_core.package_identification:_identify(ros2component) by extensions ['ros']
[0.101s] Level 1:colcon.colcon_core.package_identification:_identify(ros2component) by extension 'ros'
[0.101s] DEBUG:colcon.colcon_core.package_identification:Package 'ros2component' with type 'ros.ament_python' and name 'ros2component'
[0.101s] Level 1:colcon.colcon_core.package_identification:_identify(ros2doctor) by extensions ['ignore', 'ignore_ament_install']
[0.101s] Level 1:colcon.colcon_core.package_identification:_identify(ros2doctor) by extension 'ignore'
[0.101s] Level 1:colcon.colcon_core.package_identification:_identify(ros2doctor) by extension 'ignore_ament_install'
[0.101s] Level 1:colcon.colcon_core.package_identification:_identify(ros2doctor) by extensions ['colcon_pkg']
[0.101s] Level 1:colcon.colcon_core.package_identification:_identify(ros2doctor) by extension 'colcon_pkg'
[0.101s] Level 1:colcon.colcon_core.package_identification:_identify(ros2doctor) by extensions ['colcon_meta']
[0.101s] Level 1:colcon.colcon_core.package_identification:_identify(ros2doctor) by extension 'colcon_meta'
[0.101s] Level 1:colcon.colcon_core.package_identification:_identify(ros2doctor) by extensions ['ros']
[0.101s] Level 1:colcon.colcon_core.package_identification:_identify(ros2doctor) by extension 'ros'
[0.101s] DEBUG:colcon.colcon_core.package_identification:Package 'ros2doctor' with type 'ros.ament_python' and name 'ros2doctor'
[0.101s] Level 1:colcon.colcon_core.package_identification:_identify(ros2interface) by extensions ['ignore', 'ignore_ament_install']
[0.101s] Level 1:colcon.colcon_core.package_identification:_identify(ros2interface) by extension 'ignore'
[0.101s] Level 1:colcon.colcon_core.package_identification:_identify(ros2interface) by extension 'ignore_ament_install'
[0.101s] Level 1:colcon.colcon_core.package_identification:_identify(ros2interface) by extensions ['colcon_pkg']
[0.101s] Level 1:colcon.colcon_core.package_identification:_identify(ros2interface) by extension 'colcon_pkg'
[0.101s] Level 1:colcon.colcon_core.package_identification:_identify(ros2interface) by extensions ['colcon_meta']
[0.101s] Level 1:colcon.colcon_core.package_identification:_identify(ros2interface) by extension 'colcon_meta'
[0.101s] Level 1:colcon.colcon_core.package_identification:_identify(ros2interface) by extensions ['ros']
[0.101s] Level 1:colcon.colcon_core.package_identification:_identify(ros2interface) by extension 'ros'
[0.102s] DEBUG:colcon.colcon_core.package_identification:Package 'ros2interface' with type 'ros.ament_python' and name 'ros2interface'
[0.102s] Level 1:colcon.colcon_core.package_identification:_identify(ros2lifecycle) by extensions ['ignore', 'ignore_ament_install']
[0.102s] Level 1:colcon.colcon_core.package_identification:_identify(ros2lifecycle) by extension 'ignore'
[0.102s] Level 1:colcon.colcon_core.package_identification:_identify(ros2lifecycle) by extension 'ignore_ament_install'
[0.102s] Level 1:colcon.colcon_core.package_identification:_identify(ros2lifecycle) by extensions ['colcon_pkg']
[0.102s] Level 1:colcon.colcon_core.package_identification:_identify(ros2lifecycle) by extension 'colcon_pkg'
[0.102s] Level 1:colcon.colcon_core.package_identification:_identify(ros2lifecycle) by extensions ['colcon_meta']
[0.102s] Level 1:colcon.colcon_core.package_identification:_identify(ros2lifecycle) by extension 'colcon_meta'
[0.102s] Level 1:colcon.colcon_core.package_identification:_identify(ros2lifecycle) by extensions ['ros']
[0.102s] Level 1:colcon.colcon_core.package_identification:_identify(ros2lifecycle) by extension 'ros'
[0.102s] DEBUG:colcon.colcon_core.package_identification:Package 'ros2lifecycle' with type 'ros.ament_python' and name 'ros2lifecycle'
[0.102s] Level 1:colcon.colcon_core.package_identification:_identify(ros2lifecycle_test_fixtures) by extensions ['ignore', 'ignore_ament_install']
[0.102s] Level 1:colcon.colcon_core.package_identification:_identify(ros2lifecycle_test_fixtures) by extension 'ignore'
[0.102s] Level 1:colcon.colcon_core.package_identification:_identify(ros2lifecycle_test_fixtures) by extension 'ignore_ament_install'
[0.102s] Level 1:colcon.colcon_core.package_identification:_identify(ros2lifecycle_test_fixtures) by extensions ['colcon_pkg']
[0.102s] Level 1:colcon.colcon_core.package_identification:_identify(ros2lifecycle_test_fixtures) by extension 'colcon_pkg'
[0.102s] Level 1:colcon.colcon_core.package_identification:_identify(ros2lifecycle_test_fixtures) by extensions ['colcon_meta']
[0.102s] Level 1:colcon.colcon_core.package_identification:_identify(ros2lifecycle_test_fixtures) by extension 'colcon_meta'
[0.102s] Level 1:colcon.colcon_core.package_identification:_identify(ros2lifecycle_test_fixtures) by extensions ['ros']
[0.102s] Level 1:colcon.colcon_core.package_identification:_identify(ros2lifecycle_test_fixtures) by extension 'ros'
[0.103s] DEBUG:colcon.colcon_core.package_identification:Package 'ros2lifecycle_test_fixtures' with type 'ros.ament_cmake' and name 'ros2lifecycle_test_fixtures'
[0.103s] Level 1:colcon.colcon_core.package_identification:_identify(ros2multicast) by extensions ['ignore', 'ignore_ament_install']
[0.103s] Level 1:colcon.colcon_core.package_identification:_identify(ros2multicast) by extension 'ignore'
[0.103s] Level 1:colcon.colcon_core.package_identification:_identify(ros2multicast) by extension 'ignore_ament_install'
[0.103s] Level 1:colcon.colcon_core.package_identification:_identify(ros2multicast) by extensions ['colcon_pkg']
[0.103s] Level 1:colcon.colcon_core.package_identification:_identify(ros2multicast) by extension 'colcon_pkg'
[0.103s] Level 1:colcon.colcon_core.package_identification:_identify(ros2multicast) by extensions ['colcon_meta']
[0.103s] Level 1:colcon.colcon_core.package_identification:_identify(ros2multicast) by extension 'colcon_meta'
[0.103s] Level 1:colcon.colcon_core.package_identification:_identify(ros2multicast) by extensions ['ros']
[0.103s] Level 1:colcon.colcon_core.package_identification:_identify(ros2multicast) by extension 'ros'
[0.103s] DEBUG:colcon.colcon_core.package_identification:Package 'ros2multicast' with type 'ros.ament_python' and name 'ros2multicast'
[0.103s] Level 1:colcon.colcon_core.package_identification:_identify(ros2node) by extensions ['ignore', 'ignore_ament_install']
[0.103s] Level 1:colcon.colcon_core.package_identification:_identify(ros2node) by extension 'ignore'
[0.103s] Level 1:colcon.colcon_core.package_identification:_identify(ros2node) by extension 'ignore_ament_install'
[0.103s] Level 1:colcon.colcon_core.package_identification:_identify(ros2node) by extensions ['colcon_pkg']
[0.103s] Level 1:colcon.colcon_core.package_identification:_identify(ros2node) by extension 'colcon_pkg'
[0.103s] Level 1:colcon.colcon_core.package_identification:_identify(ros2node) by extensions ['colcon_meta']
[0.103s] Level 1:colcon.colcon_core.package_identification:_identify(ros2node) by extension 'colcon_meta'
[0.103s] Level 1:colcon.colcon_core.package_identification:_identify(ros2node) by extensions ['ros']
[0.103s] Level 1:colcon.colcon_core.package_identification:_identify(ros2node) by extension 'ros'
[0.104s] DEBUG:colcon.colcon_core.package_identification:Package 'ros2node' with type 'ros.ament_python' and name 'ros2node'
[0.104s] Level 1:colcon.colcon_core.package_identification:_identify(ros2param) by extensions ['ignore', 'ignore_ament_install']
[0.104s] Level 1:colcon.colcon_core.package_identification:_identify(ros2param) by extension 'ignore'
[0.104s] Level 1:colcon.colcon_core.package_identification:_identify(ros2param) by extension 'ignore_ament_install'
[0.104s] Level 1:colcon.colcon_core.package_identification:_identify(ros2param) by extensions ['colcon_pkg']
[0.104s] Level 1:colcon.colcon_core.package_identification:_identify(ros2param) by extension 'colcon_pkg'
[0.104s] Level 1:colcon.colcon_core.package_identification:_identify(ros2param) by extensions ['colcon_meta']
[0.104s] Level 1:colcon.colcon_core.package_identification:_identify(ros2param) by extension 'colcon_meta'
[0.104s] Level 1:colcon.colcon_core.package_identification:_identify(ros2param) by extensions ['ros']
[0.104s] Level 1:colcon.colcon_core.package_identification:_identify(ros2param) by extension 'ros'
[0.104s] DEBUG:colcon.colcon_core.package_identification:Package 'ros2param' with type 'ros.ament_python' and name 'ros2param'
[0.104s] Level 1:colcon.colcon_core.package_identification:_identify(ros2pkg) by extensions ['ignore', 'ignore_ament_install']
[0.104s] Level 1:colcon.colcon_core.package_identification:_identify(ros2pkg) by extension 'ignore'
[0.104s] Level 1:colcon.colcon_core.package_identification:_identify(ros2pkg) by extension 'ignore_ament_install'
[0.104s] Level 1:colcon.colcon_core.package_identification:_identify(ros2pkg) by extensions ['colcon_pkg']
[0.104s] Level 1:colcon.colcon_core.package_identification:_identify(ros2pkg) by extension 'colcon_pkg'
[0.104s] Level 1:colcon.colcon_core.package_identification:_identify(ros2pkg) by extensions ['colcon_meta']
[0.104s] Level 1:colcon.colcon_core.package_identification:_identify(ros2pkg) by extension 'colcon_meta'
[0.104s] Level 1:colcon.colcon_core.package_identification:_identify(ros2pkg) by extensions ['ros']
[0.104s] Level 1:colcon.colcon_core.package_identification:_identify(ros2pkg) by extension 'ros'
[0.104s] DEBUG:colcon.colcon_core.package_identification:Package 'ros2pkg' with type 'ros.ament_python' and name 'ros2pkg'
[0.104s] Level 1:colcon.colcon_core.package_identification:_identify(ros2run) by extensions ['ignore', 'ignore_ament_install']
[0.105s] Level 1:colcon.colcon_core.package_identification:_identify(ros2run) by extension 'ignore'
[0.105s] Level 1:colcon.colcon_core.package_identification:_identify(ros2run) by extension 'ignore_ament_install'
[0.105s] Level 1:colcon.colcon_core.package_identification:_identify(ros2run) by extensions ['colcon_pkg']
[0.105s] Level 1:colcon.colcon_core.package_identification:_identify(ros2run) by extension 'colcon_pkg'
[0.105s] Level 1:colcon.colcon_core.package_identification:_identify(ros2run) by extensions ['colcon_meta']
[0.105s] Level 1:colcon.colcon_core.package_identification:_identify(ros2run) by extension 'colcon_meta'
[0.105s] Level 1:colcon.colcon_core.package_identification:_identify(ros2run) by extensions ['ros']
[0.105s] Level 1:colcon.colcon_core.package_identification:_identify(ros2run) by extension 'ros'
[0.105s] DEBUG:colcon.colcon_core.package_identification:Package 'ros2run' with type 'ros.ament_python' and name 'ros2run'
[0.105s] Level 1:colcon.colcon_core.package_identification:_identify(ros2service) by extensions ['ignore', 'ignore_ament_install']
[0.105s] Level 1:colcon.colcon_core.package_identification:_identify(ros2service) by extension 'ignore'
[0.105s] Level 1:colcon.colcon_core.package_identification:_identify(ros2service) by extension 'ignore_ament_install'
[0.105s] Level 1:colcon.colcon_core.package_identification:_identify(ros2service) by extensions ['colcon_pkg']
[0.105s] Level 1:colcon.colcon_core.package_identification:_identify(ros2service) by extension 'colcon_pkg'
[0.105s] Level 1:colcon.colcon_core.package_identification:_identify(ros2service) by extensions ['colcon_meta']
[0.105s] Level 1:colcon.colcon_core.package_identification:_identify(ros2service) by extension 'colcon_meta'
[0.105s] Level 1:colcon.colcon_core.package_identification:_identify(ros2service) by extensions ['ros']
[0.105s] Level 1:colcon.colcon_core.package_identification:_identify(ros2service) by extension 'ros'
[0.105s] DEBUG:colcon.colcon_core.package_identification:Package 'ros2service' with type 'ros.ament_python' and name 'ros2service'
[0.105s] Level 1:colcon.colcon_core.package_identification:_identify(ros2topic) by extensions ['ignore', 'ignore_ament_install']
[0.105s] Level 1:colcon.colcon_core.package_identification:_identify(ros2topic) by extension 'ignore'
[0.105s] Level 1:colcon.colcon_core.package_identification:_identify(ros2topic) by extension 'ignore_ament_install'
[0.105s] Level 1:colcon.colcon_core.package_identification:_identify(ros2topic) by extensions ['colcon_pkg']
[0.105s] Level 1:colcon.colcon_core.package_identification:_identify(ros2topic) by extension 'colcon_pkg'
[0.105s] Level 1:colcon.colcon_core.package_identification:_identify(ros2topic) by extensions ['colcon_meta']
[0.106s] Level 1:colcon.colcon_core.package_identification:_identify(ros2topic) by extension 'colcon_meta'
[0.106s] Level 1:colcon.colcon_core.package_identification:_identify(ros2topic) by extensions ['ros']
[0.106s] Level 1:colcon.colcon_core.package_identification:_identify(ros2topic) by extension 'ros'
[0.106s] DEBUG:colcon.colcon_core.package_identification:Package 'ros2topic' with type 'ros.ament_python' and name 'ros2topic'
[0.106s] Level 1:colcon.colcon_core.package_discovery:discover_packages(recursive) using defaults
[0.106s] Level 1:colcon.colcon_core.package_discovery:discover_packages(ignore) discover
[0.106s] Level 1:colcon.colcon_core.package_discovery:discover_packages(ignore) using defaults
[0.106s] Level 1:colcon.colcon_core.package_discovery:discover_packages(path) discover
[0.106s] Level 1:colcon.colcon_core.package_discovery:discover_packages(path) using defaults
[0.117s] INFO:colcon.colcon_metadata.metadata.colcon_pkg:Updating descriptor of package 'ros2cli' from colcon.pkg: {'hooks': ['share/ros2cli/environment/ros2-argcomplete.bash', 'share/ros2cli/environment/ros2-argcomplete.zsh']}
[0.119s] INFO:colcon.colcon_core.package_selection:Skipping not selected package 'ros2cli' in 'ros2cli'
[0.119s] INFO:colcon.colcon_core.package_selection:Skipping not selected package 'ros2cli_test_interfaces' in 'ros2cli_test_interfaces'
[0.119s] INFO:colcon.colcon_core.package_selection:Skipping not selected package 'ros2lifecycle_test_fixtures' in 'ros2lifecycle_test_fixtures'
[0.119s] INFO:colcon.colcon_core.package_selection:Skipping not selected package 'ros2action' in 'ros2action'
[0.119s] INFO:colcon.colcon_core.package_selection:Skipping not selected package 'ros2interface' in 'ros2interface'
[0.119s] INFO:colcon.colcon_core.package_selection:Skipping not selected package 'ros2multicast' in 'ros2multicast'
[0.119s] INFO:colcon.colcon_core.package_selection:Skipping not selected package 'ros2node' in 'ros2node'
[0.119s] INFO:colcon.colcon_core.package_selection:Skipping not selected package 'ros2pkg' in 'ros2pkg'
[0.119s] INFO:colcon.colcon_core.package_selection:Skipping not selected package 'ros2service' in 'ros2service'
[0.119s] INFO:colcon.colcon_core.package_selection:Skipping not selected package 'ros2topic' in 'ros2topic'
[0.119s] INFO:colcon.colcon_core.package_selection:Skipping not selected package 'ros2lifecycle' in 'ros2lifecycle'
[0.119s] INFO:colcon.colcon_core.package_selection:Skipping not selected package 'ros2param' in 'ros2param'
[0.119s] INFO:colcon.colcon_core.package_selection:Skipping not selected package 'ros2run' in 'ros2run'
[0.119s] INFO:colcon.colcon_core.package_selection:Skipping not selected package 'ros2component' in 'ros2component'
[0.120s] Level 1:colcon.colcon_core.package_discovery:discover_packages(prefix_path) check parameters
[0.120s] Level 1:colcon.colcon_core.package_discovery:discover_packages(prefix_path) discover
[0.121s] DEBUG:colcon.colcon_installed_package_information.package_discovery:Found 283 installed packages in /opt/ros/rolling
[0.121s] Level 1:colcon.colcon_core.package_discovery:discover_packages(prefix_path) using defaults
[0.138s] WARNING:colcon.colcon_core.package_selection:Some selected packages are already built in one or more underlay workspaces:
	'ros2doctor' is in: /opt/ros/rolling
If a package in a merged underlay workspace is overridden and it installs headers, then all packages in the overlay must sort their include directories by workspace order. Failure to do so may result in build failures or undefined behavior at run time.
If the overridden package is used by another package in any underlay, then the overriding package in the overlay must be API and ABI compatible or undefined behavior at run time may occur.

If you understand the risks and want to override a package anyways, add the following to the command line:
	--allow-overriding ros2doctor

This may be promoted to an error in a future release of colcon-override-check.
[0.139s] Level 5:colcon.colcon_core.verb:set package 'ros2doctor' build argument 'cmake_args' from command line to 'None'
[0.139s] Level 5:colcon.colcon_core.verb:set package 'ros2doctor' build argument 'cmake_target' from command line to 'None'
[0.139s] Level 5:colcon.colcon_core.verb:set package 'ros2doctor' build argument 'cmake_target_skip_unavailable' from command line to 'False'
[0.139s] Level 5:colcon.colcon_core.verb:set package 'ros2doctor' build argument 'cmake_clean_cache' from command line to 'False'
[0.139s] Level 5:colcon.colcon_core.verb:set package 'ros2doctor' build argument 'cmake_clean_first' from command line to 'False'
[0.139s] Level 5:colcon.colcon_core.verb:set package 'ros2doctor' build argument 'cmake_force_configure' from command line to 'False'
[0.139s] Level 5:colcon.colcon_core.verb:set package 'ros2doctor' build argument 'ament_cmake_args' from command line to 'None'
[0.139s] Level 5:colcon.colcon_core.verb:set package 'ros2doctor' build argument 'catkin_cmake_args' from command line to 'None'
[0.139s] Level 5:colcon.colcon_core.verb:set package 'ros2doctor' build argument 'catkin_skip_building_tests' from command line to 'False'
[0.139s] DEBUG:colcon.colcon_core.verb:Building package 'ros2doctor' with the following arguments: {'ament_cmake_args': None, 'build_base': '/home/rmc/ros2cli/build/ros2doctor', 'catkin_cmake_args': None, 'catkin_skip_building_tests': False, 'cmake_args': None, 'cmake_clean_cache': False, 'cmake_clean_first': False, 'cmake_force_configure': False, 'cmake_target': None, 'cmake_target_skip_unavailable': False, 'install_base': '/home/rmc/ros2cli/install/ros2doctor', 'merge_install': False, 'path': '/home/rmc/ros2cli/ros2doctor', 'symlink_install': True, 'test_result_base': None}
[0.139s] INFO:colcon.colcon_core.executor:Executing jobs using 'parallel' executor
[0.140s] DEBUG:colcon.colcon_parallel_executor.executor.parallel:run_until_complete
[0.140s] INFO:colcon.colcon_ros.task.ament_python.build:Building ROS package in '/home/rmc/ros2cli/ros2doctor' with build type 'ament_python'
[0.140s] Level 1:colcon.colcon_core.shell:create_environment_hook('ros2doctor', 'ament_prefix_path')
[0.141s] INFO:colcon.colcon_core.plugin_system:Skipping extension 'colcon_core.shell.bat': Not used on non-Windows systems
[0.141s] INFO:colcon.colcon_core.shell:Creating environment hook '/home/rmc/ros2cli/install/ros2doctor/share/ros2doctor/hook/ament_prefix_path.ps1'
[0.142s] INFO:colcon.colcon_core.shell:Creating environment descriptor '/home/rmc/ros2cli/install/ros2doctor/share/ros2doctor/hook/ament_prefix_path.dsv'
[0.142s] INFO:colcon.colcon_core.shell:Creating environment hook '/home/rmc/ros2cli/install/ros2doctor/share/ros2doctor/hook/ament_prefix_path.sh'
[0.142s] INFO:colcon.colcon_core.shell:Skip shell extension 'powershell' for command environment: Not usable outside of PowerShell
[0.142s] DEBUG:colcon.colcon_core.shell:Skip shell extension 'dsv' for command environment
[0.143s] WARNING:colcon.colcon_core.shell:The following packages are in the workspace but haven't been built:
- ros2cli
They are being used from the following locations instead:
- /opt/ros/rolling
To suppress this warning ignore these packages in the workspace:
--packages-ignore ros2cli
[0.282s] INFO:colcon.colcon_core.task.python.build:Building Python package in '/home/rmc/ros2cli/ros2doctor'
[0.282s] INFO:colcon.colcon_core.shell:Skip shell extension 'powershell' for command environment: Not usable outside of PowerShell
[0.282s] DEBUG:colcon.colcon_core.shell:Skip shell extension 'dsv' for command environment
[0.670s] DEBUG:colcon.colcon_core.event_handler.log_command:Invoking command in '/home/rmc/ros2cli/build/ros2doctor': DEBUGINFOD_URLS=https://debuginfod.ubuntu.com PYTHONPATH=/home/rmc/ros2cli/build/ros2doctor/prefix_override:/usr/lib/python3/dist-packages/colcon_core/task/python/colcon_distutils_commands:/home/rmc/ros2cli/install/ros2doctor/lib/python3.12/site-packages:${PYTHONPATH} /usr/bin/python3 -W ignore:setup.py install is deprecated -W ignore:easy_install command is deprecated setup.py develop --editable --build-directory /home/rmc/ros2cli/build/ros2doctor/build --no-deps symlink_data
[1.083s] Level 1:colcon.colcon_core.shell:create_environment_hook('ros2doctor', 'pythonpath_develop')
[1.083s] INFO:colcon.colcon_core.shell:Creating environment hook '/home/rmc/ros2cli/build/ros2doctor/share/ros2doctor/hook/pythonpath_develop.ps1'
[1.084s] DEBUG:colcon.colcon_core.event_handler.log_command:Invoked command in '/home/rmc/ros2cli/build/ros2doctor' returned '0': DEBUGINFOD_URLS=https://debuginfod.ubuntu.com PYTHONPATH=/home/rmc/ros2cli/build/ros2doctor/prefix_override:/usr/lib/python3/dist-packages/colcon_core/task/python/colcon_distutils_commands:/home/rmc/ros2cli/install/ros2doctor/lib/python3.12/site-packages:${PYTHONPATH} /usr/bin/python3 -W ignore:setup.py install is deprecated -W ignore:easy_install command is deprecated setup.py develop --editable --build-directory /home/rmc/ros2cli/build/ros2doctor/build --no-deps symlink_data
[1.084s] INFO:colcon.colcon_core.shell:Creating environment descriptor '/home/rmc/ros2cli/build/ros2doctor/share/ros2doctor/hook/pythonpath_develop.dsv'
[1.084s] INFO:colcon.colcon_core.shell:Creating environment hook '/home/rmc/ros2cli/build/ros2doctor/share/ros2doctor/hook/pythonpath_develop.sh'
[1.086s] Level 1:colcon.colcon_core.environment:checking '/home/rmc/ros2cli/install/ros2doctor' for CMake module files
[1.086s] Level 1:colcon.colcon_core.environment:checking '/home/rmc/ros2cli/install/ros2doctor' for CMake config files
[1.086s] Level 1:colcon.colcon_core.environment:checking '/home/rmc/ros2cli/install/ros2doctor/lib'
[1.086s] Level 1:colcon.colcon_core.environment:checking '/home/rmc/ros2cli/install/ros2doctor/bin'
[1.086s] Level 1:colcon.colcon_core.environment:checking '/home/rmc/ros2cli/install/ros2doctor/lib/pkgconfig/ros2doctor.pc'
[1.087s] Level 1:colcon.colcon_core.environment:checking '/home/rmc/ros2cli/install/ros2doctor/lib/python3.12/site-packages'
[1.087s] Level 1:colcon.colcon_core.shell:create_environment_hook('ros2doctor', 'pythonpath')
[1.087s] INFO:colcon.colcon_core.shell:Creating environment hook '/home/rmc/ros2cli/install/ros2doctor/share/ros2doctor/hook/pythonpath.ps1'
[1.087s] INFO:colcon.colcon_core.shell:Creating environment descriptor '/home/rmc/ros2cli/install/ros2doctor/share/ros2doctor/hook/pythonpath.dsv'
[1.087s] INFO:colcon.colcon_core.shell:Creating environment hook '/home/rmc/ros2cli/install/ros2doctor/share/ros2doctor/hook/pythonpath.sh'
[1.088s] Level 1:colcon.colcon_core.environment:checking '/home/rmc/ros2cli/install/ros2doctor/bin'
[1.088s] Level 1:colcon.colcon_core.environment:create_environment_scripts_only(ros2doctor)
[1.088s] INFO:colcon.colcon_core.shell:Creating package script '/home/rmc/ros2cli/install/ros2doctor/share/ros2doctor/package.ps1'
[1.088s] INFO:colcon.colcon_core.shell:Creating package descriptor '/home/rmc/ros2cli/install/ros2doctor/share/ros2doctor/package.dsv'
[1.088s] INFO:colcon.colcon_core.shell:Creating package script '/home/rmc/ros2cli/install/ros2doctor/share/ros2doctor/package.sh'
[1.089s] INFO:colcon.colcon_core.shell:Creating package script '/home/rmc/ros2cli/install/ros2doctor/share/ros2doctor/package.bash'
[1.089s] INFO:colcon.colcon_core.shell:Creating package script '/home/rmc/ros2cli/install/ros2doctor/share/ros2doctor/package.zsh'
[1.089s] Level 1:colcon.colcon_core.environment:create_file_with_runtime_dependencies(/home/rmc/ros2cli/install/ros2doctor/share/colcon-core/packages/ros2doctor)
[1.090s] DEBUG:colcon.colcon_parallel_executor.executor.parallel:closing loop
[1.090s] DEBUG:colcon.colcon_parallel_executor.executor.parallel:loop closed
[1.090s] DEBUG:colcon.colcon_parallel_executor.executor.parallel:run_until_complete finished with '0'
[1.090s] DEBUG:colcon.colcon_core.event_reactor:joining thread
[1.095s] INFO:colcon.colcon_core.plugin_system:Skipping extension 'colcon_notification.desktop_notification.terminal_notifier': Not used on non-Darwin systems
[1.096s] INFO:colcon.colcon_core.plugin_system:Skipping extension 'colcon_notification.desktop_notification.win32': Not used on non-Windows systems
[1.096s] INFO:colcon.colcon_notification.desktop_notification:Sending desktop notification using 'notify2'
[1.113s] DEBUG:colcon.colcon_core.event_reactor:joined thread
[1.113s] INFO:colcon.colcon_core.shell:Creating prefix script '/home/rmc/ros2cli/install/local_setup.ps1'
[1.114s] INFO:colcon.colcon_core.shell:Creating prefix util module '/home/rmc/ros2cli/install/_local_setup_util_ps1.py'
[1.115s] INFO:colcon.colcon_core.shell:Creating prefix chain script '/home/rmc/ros2cli/install/setup.ps1'
[1.116s] INFO:colcon.colcon_core.shell:Creating prefix script '/home/rmc/ros2cli/install/local_setup.sh'
[1.116s] INFO:colcon.colcon_core.shell:Creating prefix util module '/home/rmc/ros2cli/install/_local_setup_util_sh.py'
[1.117s] INFO:colcon.colcon_core.shell:Creating prefix chain script '/home/rmc/ros2cli/install/setup.sh'
[1.118s] INFO:colcon.colcon_core.shell:Creating prefix script '/home/rmc/ros2cli/install/local_setup.bash'
[1.118s] INFO:colcon.colcon_core.shell:Creating prefix chain script '/home/rmc/ros2cli/install/setup.bash'
[1.119s] INFO:colcon.colcon_core.shell:Creating prefix script '/home/rmc/ros2cli/install/local_setup.zsh'
[1.119s] INFO:colcon.colcon_core.shell:Creating prefix chain script '/home/rmc/ros2cli/install/setup.zsh'
