[0.437s] Invoking command in '/home/rmc/ros2cli/build/ros2cli': DEBUGINFOD_URLS=https://debuginfod.ubuntu.com PYTHONPATH=/home/rmc/ros2cli/build/ros2cli/prefix_override:/usr/lib/python3/dist-packages/colcon_core/task/python/colcon_distutils_commands:/home/rmc/ros2cli/install/ros2cli/lib/python3.12/site-packages:${PYTHONPATH} /usr/bin/python3 -W ignore:setup.py install is deprecated -W ignore:easy_install command is deprecated setup.py develop --editable --build-directory /home/rmc/ros2cli/build/ros2cli/build --no-deps symlink_data
[0.627s] running develop
[0.735s] running egg_info
[0.735s] creating ros2cli.egg-info
[0.746s] writing ros2cli.egg-info/PKG-INFO
[0.746s] writing dependency_links to ros2cli.egg-info/dependency_links.txt
[0.746s] writing entry points to ros2cli.egg-info/entry_points.txt
[0.746s] writing requirements to ros2cli.egg-info/requires.txt
[0.746s] writing top-level names to ros2cli.egg-info/top_level.txt
[0.746s] writing manifest file 'ros2cli.egg-info/SOURCES.txt'
[0.768s] reading manifest file 'ros2cli.egg-info/SOURCES.txt'
[0.768s] writing manifest file 'ros2cli.egg-info/SOURCES.txt'
[0.780s] running build_ext
[0.780s] Creating /home/rmc/ros2cli/install/ros2cli/lib/python3.12/site-packages/ros2cli.egg-link (link to .)
[0.780s] Installing _ros2_daemon script to /home/rmc/ros2cli/install/ros2cli/bin
[0.780s] Installing ros2 script to /home/rmc/ros2cli/install/ros2cli/bin
[0.780s] 
[0.780s] Installed /home/rmc/ros2cli/build/ros2cli
[0.780s] running symlink_data
[0.780s] creating /home/rmc/ros2cli/install/ros2cli/share/ament_index
[0.780s] creating /home/rmc/ros2cli/install/ros2cli/share/ament_index/resource_index
[0.780s] creating /home/rmc/ros2cli/install/ros2cli/share/ament_index/resource_index/packages
[0.780s] symbolically linking /home/rmc/ros2cli/build/ros2cli/resource/ros2cli -> /home/rmc/ros2cli/install/ros2cli/share/ament_index/resource_index/packages
[0.780s] symbolically linking /home/rmc/ros2cli/build/ros2cli/package.xml -> /home/rmc/ros2cli/install/ros2cli/share/ros2cli
[0.780s] symbolically linking /home/rmc/ros2cli/build/ros2cli/resource/package.dsv -> /home/rmc/ros2cli/install/ros2cli/share/ros2cli
[0.780s] creating /home/rmc/ros2cli/install/ros2cli/share/ros2cli/environment
[0.780s] symbolically linking /home/rmc/ros2cli/build/ros2cli/completion/ros2-argcomplete.bash -> /home/rmc/ros2cli/install/ros2cli/share/ros2cli/environment
[0.780s] symbolically linking /home/rmc/ros2cli/build/ros2cli/completion/ros2-argcomplete.zsh -> /home/rmc/ros2cli/install/ros2cli/share/ros2cli/environment
[0.797s] Invoked command in '/home/rmc/ros2cli/build/ros2cli' returned '0': DEBUGINFOD_URLS=https://debuginfod.ubuntu.com PYTHONPATH=/home/rmc/ros2cli/build/ros2cli/prefix_override:/usr/lib/python3/dist-packages/colcon_core/task/python/colcon_distutils_commands:/home/rmc/ros2cli/install/ros2cli/lib/python3.12/site-packages:${PYTHONPATH} /usr/bin/python3 -W ignore:setup.py install is deprecated -W ignore:easy_install command is deprecated setup.py develop --editable --build-directory /home/rmc/ros2cli/build/ros2cli/build --no-deps symlink_data
