[0.611s] Invoking command in '/home/rmc/ros2cli/build/ros2lifecycle': AMENT_PREFIX_PATH=/home/rmc/ros2cli/install/ros2service:/home/rmc/ros2cli/install/ros2node:/home/rmc/ros2cli/install/ros2lifecycle_test_fixtures:/home/rmc/ros2cli/install/ros2cli:${AMENT_PREFIX_PATH} CMAKE_PREFIX_PATH=/home/rmc/ros2cli/install/ros2lifecycle_test_fixtures:${CMAKE_PREFIX_PATH} DEBUGINFOD_URLS=https://debuginfod.ubuntu.com PATH=/home/rmc/ros2cli/install/ros2cli/bin:${PATH} PYTHONPATH=/home/rmc/ros2cli/build/ros2lifecycle/prefix_override:/usr/lib/python3/dist-packages/colcon_core/task/python/colcon_distutils_commands:/home/rmc/ros2cli/install/ros2lifecycle/lib/python3.12/site-packages:/home/rmc/ros2cli/build/ros2service:/home/rmc/ros2cli/install/ros2service/lib/python3.12/site-packages:/home/rmc/ros2cli/build/ros2node:/home/rmc/ros2cli/install/ros2node/lib/python3.12/site-packages:/home/rmc/ros2cli/build/ros2cli:/home/rmc/ros2cli/install/ros2cli/lib/python3.12/site-packages:${PYTHONPATH} /usr/bin/python3 -W ignore:setup.py install is deprecated -W ignore:easy_install command is deprecated setup.py develop --editable --build-directory /home/rmc/ros2cli/build/ros2lifecycle/build --no-deps symlink_data
[0.879s] running develop
[1.018s] running egg_info
[1.018s] creating ros2lifecycle.egg-info
[1.030s] writing ros2lifecycle.egg-info/PKG-INFO
[1.030s] writing dependency_links to ros2lifecycle.egg-info/dependency_links.txt
[1.030s] writing entry points to ros2lifecycle.egg-info/entry_points.txt
[1.030s] writing requirements to ros2lifecycle.egg-info/requires.txt
[1.031s] writing top-level names to ros2lifecycle.egg-info/top_level.txt
[1.031s] writing manifest file 'ros2lifecycle.egg-info/SOURCES.txt'
[1.055s] reading manifest file 'ros2lifecycle.egg-info/SOURCES.txt'
[1.056s] writing manifest file 'ros2lifecycle.egg-info/SOURCES.txt'
[1.069s] running build_ext
[1.069s] Creating /home/rmc/ros2cli/install/ros2lifecycle/lib/python3.12/site-packages/ros2lifecycle.egg-link (link to .)
[1.069s] 
[1.069s] Installed /home/rmc/ros2cli/build/ros2lifecycle
[1.069s] running symlink_data
[1.069s] symbolically linking /home/rmc/ros2cli/build/ros2lifecycle/package.xml -> /home/rmc/ros2cli/install/ros2lifecycle/share/ros2lifecycle
[1.069s] creating /home/rmc/ros2cli/install/ros2lifecycle/share/ament_index
[1.069s] creating /home/rmc/ros2cli/install/ros2lifecycle/share/ament_index/resource_index
[1.069s] creating /home/rmc/ros2cli/install/ros2lifecycle/share/ament_index/resource_index/packages
[1.070s] symbolically linking /home/rmc/ros2cli/build/ros2lifecycle/resource/ros2lifecycle -> /home/rmc/ros2cli/install/ros2lifecycle/share/ament_index/resource_index/packages
[1.087s] Invoked command in '/home/rmc/ros2cli/build/ros2lifecycle' returned '0': AMENT_PREFIX_PATH=/home/rmc/ros2cli/install/ros2service:/home/rmc/ros2cli/install/ros2node:/home/rmc/ros2cli/install/ros2lifecycle_test_fixtures:/home/rmc/ros2cli/install/ros2cli:${AMENT_PREFIX_PATH} CMAKE_PREFIX_PATH=/home/rmc/ros2cli/install/ros2lifecycle_test_fixtures:${CMAKE_PREFIX_PATH} DEBUGINFOD_URLS=https://debuginfod.ubuntu.com PATH=/home/rmc/ros2cli/install/ros2cli/bin:${PATH} PYTHONPATH=/home/rmc/ros2cli/build/ros2lifecycle/prefix_override:/usr/lib/python3/dist-packages/colcon_core/task/python/colcon_distutils_commands:/home/rmc/ros2cli/install/ros2lifecycle/lib/python3.12/site-packages:/home/rmc/ros2cli/build/ros2service:/home/rmc/ros2cli/install/ros2service/lib/python3.12/site-packages:/home/rmc/ros2cli/build/ros2node:/home/rmc/ros2cli/install/ros2node/lib/python3.12/site-packages:/home/rmc/ros2cli/build/ros2cli:/home/rmc/ros2cli/install/ros2cli/lib/python3.12/site-packages:${PYTHONPATH} /usr/bin/python3 -W ignore:setup.py install is deprecated -W ignore:easy_install command is deprecated setup.py develop --editable --build-directory /home/rmc/ros2cli/build/ros2lifecycle/build --no-deps symlink_data
