running develop
running egg_info
creating ros2pkg.egg-info
writing ros2pkg.egg-info/PKG-INFO
writing dependency_links to ros2pkg.egg-info/dependency_links.txt
writing entry points to ros2pkg.egg-info/entry_points.txt
writing requirements to ros2pkg.egg-info/requires.txt
writing top-level names to ros2pkg.egg-info/top_level.txt
writing manifest file 'ros2pkg.egg-info/SOURCES.txt'
reading manifest file 'ros2pkg.egg-info/SOURCES.txt'
writing manifest file 'ros2pkg.egg-info/SOURCES.txt'
running build_ext
Creating /home/rmc/ros2cli/install/ros2pkg/lib/python3.12/site-packages/ros2pkg.egg-link (link to .)

Installed /home/rmc/ros2cli/build/ros2pkg
running symlink_data
symbolically linking /home/rmc/ros2cli/build/ros2pkg/package.xml -> /home/rmc/ros2cli/install/ros2pkg/share/ros2pkg
creating /home/rmc/ros2cli/install/ros2pkg/share/ament_index
creating /home/rmc/ros2cli/install/ros2pkg/share/ament_index/resource_index
creating /home/rmc/ros2cli/install/ros2pkg/share/ament_index/resource_index/packages
symbolically linking /home/rmc/ros2cli/build/ros2pkg/resource/ros2pkg -> /home/rmc/ros2cli/install/ros2pkg/share/ament_index/resource_index/packages
