running develop
running egg_info
creating ros2interface.egg-info
writing ros2interface.egg-info/PKG-INFO
writing dependency_links to ros2interface.egg-info/dependency_links.txt
writing entry points to ros2interface.egg-info/entry_points.txt
writing requirements to ros2interface.egg-info/requires.txt
writing top-level names to ros2interface.egg-info/top_level.txt
writing manifest file 'ros2interface.egg-info/SOURCES.txt'
reading manifest file 'ros2interface.egg-info/SOURCES.txt'
writing manifest file 'ros2interface.egg-info/SOURCES.txt'
running build_ext
Creating /home/rmc/ros2cli/install/ros2interface/lib/python3.12/site-packages/ros2interface.egg-link (link to .)

Installed /home/rmc/ros2cli/build/ros2interface
running symlink_data
symbolically linking /home/rmc/ros2cli/build/ros2interface/package.xml -> /home/rmc/ros2cli/install/ros2interface/share/ros2interface
creating /home/rmc/ros2cli/install/ros2interface/share/ament_index
creating /home/rmc/ros2cli/install/ros2interface/share/ament_index/resource_index
creating /home/rmc/ros2cli/install/ros2interface/share/ament_index/resource_index/packages
symbolically linking /home/rmc/ros2cli/build/ros2interface/resource/ros2interface -> /home/rmc/ros2cli/install/ros2interface/share/ament_index/resource_index/packages
