running develop
running egg_info
creating ros2node.egg-info
writing ros2node.egg-info/PKG-INFO
writing dependency_links to ros2node.egg-info/dependency_links.txt
writing entry points to ros2node.egg-info/entry_points.txt
writing requirements to ros2node.egg-info/requires.txt
writing top-level names to ros2node.egg-info/top_level.txt
writing manifest file 'ros2node.egg-info/SOURCES.txt'
reading manifest file 'ros2node.egg-info/SOURCES.txt'
writing manifest file 'ros2node.egg-info/SOURCES.txt'
running build_ext
Creating /home/rmc/ros2cli/install/ros2node/lib/python3.12/site-packages/ros2node.egg-link (link to .)

Installed /home/rmc/ros2cli/build/ros2node
running symlink_data
symbolically linking /home/rmc/ros2cli/build/ros2node/package.xml -> /home/rmc/ros2cli/install/ros2node/share/ros2node
creating /home/rmc/ros2cli/install/ros2node/share/ament_index
creating /home/rmc/ros2cli/install/ros2node/share/ament_index/resource_index
creating /home/rmc/ros2cli/install/ros2node/share/ament_index/resource_index/packages
symbolically linking /home/rmc/ros2cli/build/ros2node/resource/ros2node -> /home/rmc/ros2cli/install/ros2node/share/ament_index/resource_index/packages
