[1.180s] Invoking command in '/home/rmc/ros2cli/build/ros2node': AMENT_PREFIX_PATH=/home/rmc/ros2cli/install/ros2cli:/home/rmc/ros2cli/install/ros2topic:/home/rmc/ros2cli/install/ros2component:/home/rmc/ros2cli/install/ros2param:/home/rmc/ros2cli/install/ros2lifecycle:/home/rmc/ros2cli/install/ros2service:/home/rmc/ros2cli/install/ros2run:/home/rmc/ros2cli/install/ros2pkg:/home/rmc/ros2cli/install/ros2node:/home/rmc/ros2cli/install/ros2multicast:/home/rmc/ros2cli/install/ros2lifecycle_test_fixtures:/home/rmc/ros2cli/install/ros2interface:/home/rmc/ros2cli/install/ros2doctor:/home/rmc/ros2cli/install/ros2cli_test_interfaces:/home/rmc/ros2cli/install/ros2action:/opt/ros/rolling DEBUGINFOD_URLS=https://debuginfod.ubuntu.com PYTHONPATH=/home/rmc/ros2cli/build/ros2node/prefix_override:/usr/lib/python3/dist-packages/colcon_core/task/python/colcon_distutils_commands:/home/rmc/ros2cli/install/ros2node/lib/python3.12/site-packages:/home/rmc/ros2cli/build/ros2cli:/home/rmc/ros2cli/install/ros2cli/lib/python3.12/site-packages:/home/rmc/ros2cli/build/ros2topic:/home/rmc/ros2cli/install/ros2topic/lib/python3.12/site-packages:/home/rmc/ros2cli/build/ros2component:/home/rmc/ros2cli/install/ros2component/lib/python3.12/site-packages:/home/rmc/ros2cli/build/ros2param:/home/rmc/ros2cli/install/ros2param/lib/python3.12/site-packages:/home/rmc/ros2cli/build/ros2lifecycle:/home/rmc/ros2cli/install/ros2lifecycle/lib/python3.12/site-packages:/home/rmc/ros2cli/build/ros2service:/home/rmc/ros2cli/install/ros2service/lib/python3.12/site-packages:/home/rmc/ros2cli/build/ros2run:/home/rmc/ros2cli/install/ros2run/lib/python3.12/site-packages:/home/rmc/ros2cli/build/ros2pkg:/home/rmc/ros2cli/install/ros2pkg/lib/python3.12/site-packages:/home/rmc/ros2cli/build/ros2node:/home/rmc/ros2cli/install/ros2node/lib/python3.12/site-packages:/home/rmc/ros2cli/build/ros2multicast:/home/rmc/ros2cli/install/ros2multicast/lib/python3.12/site-packages:/home/rmc/ros2cli/build/ros2interface:/home/rmc/ros2cli/install/ros2interface/lib/python3.12/site-packages:/home/rmc/ros2cli/build/ros2doctor:/home/rmc/ros2cli/install/ros2doctor/lib/python3.12/site-packages:/home/rmc/ros2cli/install/ros2cli_test_interfaces/lib/python3.12/site-packages:/home/rmc/ros2cli/build/ros2action:/home/rmc/ros2cli/install/ros2action/lib/python3.12/site-packages:/opt/ros/rolling/lib/python3.12/site-packages /usr/bin/python3 -W ignore:setup.py install is deprecated -W ignore:easy_install command is deprecated setup.py develop --editable --build-directory /home/rmc/ros2cli/build/ros2node/build --no-deps symlink_data
[1.386s] running develop
[1.540s] running egg_info
[1.540s] creating ros2node.egg-info
[1.554s] writing ros2node.egg-info/PKG-INFO
[1.555s] writing dependency_links to ros2node.egg-info/dependency_links.txt
[1.555s] writing entry points to ros2node.egg-info/entry_points.txt
[1.555s] writing requirements to ros2node.egg-info/requires.txt
[1.555s] writing top-level names to ros2node.egg-info/top_level.txt
[1.555s] writing manifest file 'ros2node.egg-info/SOURCES.txt'
[1.581s] reading manifest file 'ros2node.egg-info/SOURCES.txt'
[1.581s] writing manifest file 'ros2node.egg-info/SOURCES.txt'
[1.595s] running build_ext
[1.595s] Creating /home/rmc/ros2cli/install/ros2node/lib/python3.12/site-packages/ros2node.egg-link (link to .)
[1.595s] 
[1.595s] Installed /home/rmc/ros2cli/build/ros2node
[1.596s] running symlink_data
[1.596s] symbolically linking /home/rmc/ros2cli/build/ros2node/package.xml -> /home/rmc/ros2cli/install/ros2node/share/ros2node
[1.596s] creating /home/rmc/ros2cli/install/ros2node/share/ament_index
[1.596s] creating /home/rmc/ros2cli/install/ros2node/share/ament_index/resource_index
[1.596s] creating /home/rmc/ros2cli/install/ros2node/share/ament_index/resource_index/packages
[1.597s] symbolically linking /home/rmc/ros2cli/build/ros2node/resource/ros2node -> /home/rmc/ros2cli/install/ros2node/share/ament_index/resource_index/packages
[1.752s] Invoked command in '/home/rmc/ros2cli/build/ros2node' returned '0': AMENT_PREFIX_PATH=/home/rmc/ros2cli/install/ros2cli:/home/rmc/ros2cli/install/ros2topic:/home/rmc/ros2cli/install/ros2component:/home/rmc/ros2cli/install/ros2param:/home/rmc/ros2cli/install/ros2lifecycle:/home/rmc/ros2cli/install/ros2service:/home/rmc/ros2cli/install/ros2run:/home/rmc/ros2cli/install/ros2pkg:/home/rmc/ros2cli/install/ros2node:/home/rmc/ros2cli/install/ros2multicast:/home/rmc/ros2cli/install/ros2lifecycle_test_fixtures:/home/rmc/ros2cli/install/ros2interface:/home/rmc/ros2cli/install/ros2doctor:/home/rmc/ros2cli/install/ros2cli_test_interfaces:/home/rmc/ros2cli/install/ros2action:/opt/ros/rolling DEBUGINFOD_URLS=https://debuginfod.ubuntu.com PYTHONPATH=/home/rmc/ros2cli/build/ros2node/prefix_override:/usr/lib/python3/dist-packages/colcon_core/task/python/colcon_distutils_commands:/home/rmc/ros2cli/install/ros2node/lib/python3.12/site-packages:/home/rmc/ros2cli/build/ros2cli:/home/rmc/ros2cli/install/ros2cli/lib/python3.12/site-packages:/home/rmc/ros2cli/build/ros2topic:/home/rmc/ros2cli/install/ros2topic/lib/python3.12/site-packages:/home/rmc/ros2cli/build/ros2component:/home/rmc/ros2cli/install/ros2component/lib/python3.12/site-packages:/home/rmc/ros2cli/build/ros2param:/home/rmc/ros2cli/install/ros2param/lib/python3.12/site-packages:/home/rmc/ros2cli/build/ros2lifecycle:/home/rmc/ros2cli/install/ros2lifecycle/lib/python3.12/site-packages:/home/rmc/ros2cli/build/ros2service:/home/rmc/ros2cli/install/ros2service/lib/python3.12/site-packages:/home/rmc/ros2cli/build/ros2run:/home/rmc/ros2cli/install/ros2run/lib/python3.12/site-packages:/home/rmc/ros2cli/build/ros2pkg:/home/rmc/ros2cli/install/ros2pkg/lib/python3.12/site-packages:/home/rmc/ros2cli/build/ros2node:/home/rmc/ros2cli/install/ros2node/lib/python3.12/site-packages:/home/rmc/ros2cli/build/ros2multicast:/home/rmc/ros2cli/install/ros2multicast/lib/python3.12/site-packages:/home/rmc/ros2cli/build/ros2interface:/home/rmc/ros2cli/install/ros2interface/lib/python3.12/site-packages:/home/rmc/ros2cli/build/ros2doctor:/home/rmc/ros2cli/install/ros2doctor/lib/python3.12/site-packages:/home/rmc/ros2cli/install/ros2cli_test_interfaces/lib/python3.12/site-packages:/home/rmc/ros2cli/build/ros2action:/home/rmc/ros2cli/install/ros2action/lib/python3.12/site-packages:/opt/ros/rolling/lib/python3.12/site-packages /usr/bin/python3 -W ignore:setup.py install is deprecated -W ignore:easy_install command is deprecated setup.py develop --editable --build-directory /home/rmc/ros2cli/build/ros2node/build --no-deps symlink_data
