running develop
running egg_info
creating ros2service.egg-info
writing ros2service.egg-info/PKG-INFO
writing dependency_links to ros2service.egg-info/dependency_links.txt
writing entry points to ros2service.egg-info/entry_points.txt
writing requirements to ros2service.egg-info/requires.txt
writing top-level names to ros2service.egg-info/top_level.txt
writing manifest file 'ros2service.egg-info/SOURCES.txt'
reading manifest file 'ros2service.egg-info/SOURCES.txt'
writing manifest file 'ros2service.egg-info/SOURCES.txt'
running build_ext
Creating /home/rmc/ros2cli/install/ros2service/lib/python3.12/site-packages/ros2service.egg-link (link to .)

Installed /home/rmc/ros2cli/build/ros2service
running symlink_data
symbolically linking /home/rmc/ros2cli/build/ros2service/package.xml -> /home/rmc/ros2cli/install/ros2service/share/ros2service
creating /home/rmc/ros2cli/install/ros2service/share/ament_index
creating /home/rmc/ros2cli/install/ros2service/share/ament_index/resource_index
creating /home/rmc/ros2cli/install/ros2service/share/ament_index/resource_index/packages
symbolically linking /home/rmc/ros2cli/build/ros2service/resource/ros2service -> /home/rmc/ros2cli/install/ros2service/share/ament_index/resource_index/packages
