[1.177s] Invoking command in '/home/rmc/ros2cli/build/ros2service': AMENT_PREFIX_PATH=/home/rmc/ros2cli/install/ros2cli:${AMENT_PREFIX_PATH} DEBUGINFOD_URLS=https://debuginfod.ubuntu.com PATH=/home/rmc/ros2cli/install/ros2cli/bin:${PATH} PYTHONPATH=/home/rmc/ros2cli/build/ros2service/prefix_override:/usr/lib/python3/dist-packages/colcon_core/task/python/colcon_distutils_commands:/home/rmc/ros2cli/install/ros2service/lib/python3.12/site-packages:/home/rmc/ros2cli/build/ros2cli:/home/rmc/ros2cli/install/ros2cli/lib/python3.12/site-packages:${PYTHONPATH} /usr/bin/python3 -W ignore:setup.py install is deprecated -W ignore:easy_install command is deprecated setup.py develop --editable --build-directory /home/rmc/ros2cli/build/ros2service/build --no-deps symlink_data
[1.424s] running develop
[1.548s] running egg_info
[1.548s] creating ros2service.egg-info
[1.560s] writing ros2service.egg-info/PKG-INFO
[1.560s] writing dependency_links to ros2service.egg-info/dependency_links.txt
[1.560s] writing entry points to ros2service.egg-info/entry_points.txt
[1.560s] writing requirements to ros2service.egg-info/requires.txt
[1.560s] writing top-level names to ros2service.egg-info/top_level.txt
[1.560s] writing manifest file 'ros2service.egg-info/SOURCES.txt'
[1.585s] reading manifest file 'ros2service.egg-info/SOURCES.txt'
[1.585s] writing manifest file 'ros2service.egg-info/SOURCES.txt'
[1.599s] running build_ext
[1.599s] Creating /home/rmc/ros2cli/install/ros2service/lib/python3.12/site-packages/ros2service.egg-link (link to .)
[1.599s] 
[1.599s] Installed /home/rmc/ros2cli/build/ros2service
[1.599s] running symlink_data
[1.599s] symbolically linking /home/rmc/ros2cli/build/ros2service/package.xml -> /home/rmc/ros2cli/install/ros2service/share/ros2service
[1.599s] creating /home/rmc/ros2cli/install/ros2service/share/ament_index
[1.599s] creating /home/rmc/ros2cli/install/ros2service/share/ament_index/resource_index
[1.599s] creating /home/rmc/ros2cli/install/ros2service/share/ament_index/resource_index/packages
[1.600s] symbolically linking /home/rmc/ros2cli/build/ros2service/resource/ros2service -> /home/rmc/ros2cli/install/ros2service/share/ament_index/resource_index/packages
[1.622s] Invoked command in '/home/rmc/ros2cli/build/ros2service' returned '0': AMENT_PREFIX_PATH=/home/rmc/ros2cli/install/ros2cli:${AMENT_PREFIX_PATH} DEBUGINFOD_URLS=https://debuginfod.ubuntu.com PATH=/home/rmc/ros2cli/install/ros2cli/bin:${PATH} PYTHONPATH=/home/rmc/ros2cli/build/ros2service/prefix_override:/usr/lib/python3/dist-packages/colcon_core/task/python/colcon_distutils_commands:/home/rmc/ros2cli/install/ros2service/lib/python3.12/site-packages:/home/rmc/ros2cli/build/ros2cli:/home/rmc/ros2cli/install/ros2cli/lib/python3.12/site-packages:${PYTHONPATH} /usr/bin/python3 -W ignore:setup.py install is deprecated -W ignore:easy_install command is deprecated setup.py develop --editable --build-directory /home/rmc/ros2cli/build/ros2service/build --no-deps symlink_data
