running develop
running egg_info
creating ros2topic.egg-info
writing ros2topic.egg-info/PKG-INFO
writing dependency_links to ros2topic.egg-info/dependency_links.txt
writing entry points to ros2topic.egg-info/entry_points.txt
writing requirements to ros2topic.egg-info/requires.txt
writing top-level names to ros2topic.egg-info/top_level.txt
writing manifest file 'ros2topic.egg-info/SOURCES.txt'
reading manifest file 'ros2topic.egg-info/SOURCES.txt'
writing manifest file 'ros2topic.egg-info/SOURCES.txt'
running build_ext
Creating /home/rmc/ros2cli/install/ros2topic/lib/python3.12/site-packages/ros2topic.egg-link (link to .)

Installed /home/rmc/ros2cli/build/ros2topic
running symlink_data
symbolically linking /home/rmc/ros2cli/build/ros2topic/package.xml -> /home/rmc/ros2cli/install/ros2topic/share/ros2topic
creating /home/rmc/ros2cli/install/ros2topic/share/ament_index
creating /home/rmc/ros2cli/install/ros2topic/share/ament_index/resource_index
creating /home/rmc/ros2cli/install/ros2topic/share/ament_index/resource_index/packages
symbolically linking /home/rmc/ros2cli/build/ros2topic/resource/ros2topic -> /home/rmc/ros2cli/install/ros2topic/share/ament_index/resource_index/packages
