[1.186s] Invoking command in '/home/rmc/ros2cli/build/ros2topic': AMENT_PREFIX_PATH=/home/rmc/ros2cli/install/ros2cli:${AMENT_PREFIX_PATH} DEBUGINFOD_URLS=https://debuginfod.ubuntu.com PATH=/home/rmc/ros2cli/install/ros2cli/bin:${PATH} PYTHONPATH=/home/rmc/ros2cli/build/ros2topic/prefix_override:/usr/lib/python3/dist-packages/colcon_core/task/python/colcon_distutils_commands:/home/rmc/ros2cli/install/ros2topic/lib/python3.12/site-packages:/home/rmc/ros2cli/build/ros2cli:/home/rmc/ros2cli/install/ros2cli/lib/python3.12/site-packages:${PYTHONPATH} /usr/bin/python3 -W ignore:setup.py install is deprecated -W ignore:easy_install command is deprecated setup.py develop --editable --build-directory /home/rmc/ros2cli/build/ros2topic/build --no-deps symlink_data
[1.434s] running develop
[1.559s] running egg_info
[1.559s] creating ros2topic.egg-info
[1.571s] writing ros2topic.egg-info/PKG-INFO
[1.572s] writing dependency_links to ros2topic.egg-info/dependency_links.txt
[1.572s] writing entry points to ros2topic.egg-info/entry_points.txt
[1.572s] writing requirements to ros2topic.egg-info/requires.txt
[1.572s] writing top-level names to ros2topic.egg-info/top_level.txt
[1.572s] writing manifest file 'ros2topic.egg-info/SOURCES.txt'
[1.597s] reading manifest file 'ros2topic.egg-info/SOURCES.txt'
[1.598s] writing manifest file 'ros2topic.egg-info/SOURCES.txt'
[1.612s] running build_ext
[1.612s] Creating /home/rmc/ros2cli/install/ros2topic/lib/python3.12/site-packages/ros2topic.egg-link (link to .)
[1.613s] 
[1.613s] Installed /home/rmc/ros2cli/build/ros2topic
[1.613s] running symlink_data
[1.613s] symbolically linking /home/rmc/ros2cli/build/ros2topic/package.xml -> /home/rmc/ros2cli/install/ros2topic/share/ros2topic
[1.613s] creating /home/rmc/ros2cli/install/ros2topic/share/ament_index
[1.613s] creating /home/rmc/ros2cli/install/ros2topic/share/ament_index/resource_index
[1.613s] creating /home/rmc/ros2cli/install/ros2topic/share/ament_index/resource_index/packages
[1.613s] symbolically linking /home/rmc/ros2cli/build/ros2topic/resource/ros2topic -> /home/rmc/ros2cli/install/ros2topic/share/ament_index/resource_index/packages
[1.634s] Invoked command in '/home/rmc/ros2cli/build/ros2topic' returned '0': AMENT_PREFIX_PATH=/home/rmc/ros2cli/install/ros2cli:${AMENT_PREFIX_PATH} DEBUGINFOD_URLS=https://debuginfod.ubuntu.com PATH=/home/rmc/ros2cli/install/ros2cli/bin:${PATH} PYTHONPATH=/home/rmc/ros2cli/build/ros2topic/prefix_override:/usr/lib/python3/dist-packages/colcon_core/task/python/colcon_distutils_commands:/home/rmc/ros2cli/install/ros2topic/lib/python3.12/site-packages:/home/rmc/ros2cli/build/ros2cli:/home/rmc/ros2cli/install/ros2cli/lib/python3.12/site-packages:${PYTHONPATH} /usr/bin/python3 -W ignore:setup.py install is deprecated -W ignore:easy_install command is deprecated setup.py develop --editable --build-directory /home/rmc/ros2cli/build/ros2topic/build --no-deps symlink_data
