running develop
running egg_info
creating ros2action.egg-info
writing ros2action.egg-info/PKG-INFO
writing dependency_links to ros2action.egg-info/dependency_links.txt
writing entry points to ros2action.egg-info/entry_points.txt
writing requirements to ros2action.egg-info/requires.txt
writing top-level names to ros2action.egg-info/top_level.txt
writing manifest file 'ros2action.egg-info/SOURCES.txt'
reading manifest file 'ros2action.egg-info/SOURCES.txt'
writing manifest file 'ros2action.egg-info/SOURCES.txt'
running build_ext
Creating /home/rmc/ros2cli/install/ros2action/lib/python3.12/site-packages/ros2action.egg-link (link to .)

Installed /home/rmc/ros2cli/build/ros2action
running symlink_data
symbolically linking /home/rmc/ros2cli/build/ros2action/package.xml -> /home/rmc/ros2cli/install/ros2action/share/ros2action
creating /home/rmc/ros2cli/install/ros2action/share/ament_index
creating /home/rmc/ros2cli/install/ros2action/share/ament_index/resource_index
creating /home/rmc/ros2cli/install/ros2action/share/ament_index/resource_index/packages
symbolically linking /home/rmc/ros2cli/build/ros2action/resource/ros2action -> /home/rmc/ros2cli/install/ros2action/share/ament_index/resource_index/packages
