[1.175s] Invoking command in '/home/rmc/ros2cli/build/ros2action': AMENT_PREFIX_PATH=/home/rmc/ros2cli/install/ros2cli:/home/rmc/ros2cli/install/ros2topic:/home/rmc/ros2cli/install/ros2component:/home/rmc/ros2cli/install/ros2param:/home/rmc/ros2cli/install/ros2lifecycle:/home/rmc/ros2cli/install/ros2service:/home/rmc/ros2cli/install/ros2run:/home/rmc/ros2cli/install/ros2pkg:/home/rmc/ros2cli/install/ros2node:/home/rmc/ros2cli/install/ros2multicast:/home/rmc/ros2cli/install/ros2lifecycle_test_fixtures:/home/rmc/ros2cli/install/ros2interface:/home/rmc/ros2cli/install/ros2doctor:/home/rmc/ros2cli/install/ros2cli_test_interfaces:/home/rmc/ros2cli/install/ros2action:/opt/ros/rolling DEBUGINFOD_URLS=https://debuginfod.ubuntu.com PYTHONPATH=/home/rmc/ros2cli/build/ros2action/prefix_override:/usr/lib/python3/dist-packages/colcon_core/task/python/colcon_distutils_commands:/home/rmc/ros2cli/install/ros2action/lib/python3.12/site-packages:/home/rmc/ros2cli/build/ros2cli:/home/rmc/ros2cli/install/ros2cli/lib/python3.12/site-packages:/home/rmc/ros2cli/build/ros2topic:/home/rmc/ros2cli/install/ros2topic/lib/python3.12/site-packages:/home/rmc/ros2cli/build/ros2component:/home/rmc/ros2cli/install/ros2component/lib/python3.12/site-packages:/home/rmc/ros2cli/build/ros2param:/home/rmc/ros2cli/install/ros2param/lib/python3.12/site-packages:/home/rmc/ros2cli/build/ros2lifecycle:/home/rmc/ros2cli/install/ros2lifecycle/lib/python3.12/site-packages:/home/rmc/ros2cli/build/ros2service:/home/rmc/ros2cli/install/ros2service/lib/python3.12/site-packages:/home/rmc/ros2cli/build/ros2run:/home/rmc/ros2cli/install/ros2run/lib/python3.12/site-packages:/home/rmc/ros2cli/build/ros2pkg:/home/rmc/ros2cli/install/ros2pkg/lib/python3.12/site-packages:/home/rmc/ros2cli/build/ros2node:/home/rmc/ros2cli/install/ros2node/lib/python3.12/site-packages:/home/rmc/ros2cli/build/ros2multicast:/home/rmc/ros2cli/install/ros2multicast/lib/python3.12/site-packages:/home/rmc/ros2cli/build/ros2interface:/home/rmc/ros2cli/install/ros2interface/lib/python3.12/site-packages:/home/rmc/ros2cli/build/ros2doctor:/home/rmc/ros2cli/install/ros2doctor/lib/python3.12/site-packages:/home/rmc/ros2cli/install/ros2cli_test_interfaces/lib/python3.12/site-packages:/home/rmc/ros2cli/build/ros2action:/home/rmc/ros2cli/install/ros2action/lib/python3.12/site-packages:/opt/ros/rolling/lib/python3.12/site-packages /usr/bin/python3 -W ignore:setup.py install is deprecated -W ignore:easy_install command is deprecated setup.py develop --editable --build-directory /home/rmc/ros2cli/build/ros2action/build --no-deps symlink_data
[1.398s] running develop
[1.524s] running egg_info
[1.524s] creating ros2action.egg-info
[1.537s] writing ros2action.egg-info/PKG-INFO
[1.537s] writing dependency_links to ros2action.egg-info/dependency_links.txt
[1.537s] writing entry points to ros2action.egg-info/entry_points.txt
[1.537s] writing requirements to ros2action.egg-info/requires.txt
[1.538s] writing top-level names to ros2action.egg-info/top_level.txt
[1.538s] writing manifest file 'ros2action.egg-info/SOURCES.txt'
[1.564s] reading manifest file 'ros2action.egg-info/SOURCES.txt'
[1.564s] writing manifest file 'ros2action.egg-info/SOURCES.txt'
[1.578s] running build_ext
[1.578s] Creating /home/rmc/ros2cli/install/ros2action/lib/python3.12/site-packages/ros2action.egg-link (link to .)
[1.578s] 
[1.578s] Installed /home/rmc/ros2cli/build/ros2action
[1.578s] running symlink_data
[1.578s] symbolically linking /home/rmc/ros2cli/build/ros2action/package.xml -> /home/rmc/ros2cli/install/ros2action/share/ros2action
[1.578s] creating /home/rmc/ros2cli/install/ros2action/share/ament_index
[1.579s] creating /home/rmc/ros2cli/install/ros2action/share/ament_index/resource_index
[1.579s] creating /home/rmc/ros2cli/install/ros2action/share/ament_index/resource_index/packages
[1.579s] symbolically linking /home/rmc/ros2cli/build/ros2action/resource/ros2action -> /home/rmc/ros2cli/install/ros2action/share/ament_index/resource_index/packages
[1.738s] Invoked command in '/home/rmc/ros2cli/build/ros2action' returned '0': AMENT_PREFIX_PATH=/home/rmc/ros2cli/install/ros2cli:/home/rmc/ros2cli/install/ros2topic:/home/rmc/ros2cli/install/ros2component:/home/rmc/ros2cli/install/ros2param:/home/rmc/ros2cli/install/ros2lifecycle:/home/rmc/ros2cli/install/ros2service:/home/rmc/ros2cli/install/ros2run:/home/rmc/ros2cli/install/ros2pkg:/home/rmc/ros2cli/install/ros2node:/home/rmc/ros2cli/install/ros2multicast:/home/rmc/ros2cli/install/ros2lifecycle_test_fixtures:/home/rmc/ros2cli/install/ros2interface:/home/rmc/ros2cli/install/ros2doctor:/home/rmc/ros2cli/install/ros2cli_test_interfaces:/home/rmc/ros2cli/install/ros2action:/opt/ros/rolling DEBUGINFOD_URLS=https://debuginfod.ubuntu.com PYTHONPATH=/home/rmc/ros2cli/build/ros2action/prefix_override:/usr/lib/python3/dist-packages/colcon_core/task/python/colcon_distutils_commands:/home/rmc/ros2cli/install/ros2action/lib/python3.12/site-packages:/home/rmc/ros2cli/build/ros2cli:/home/rmc/ros2cli/install/ros2cli/lib/python3.12/site-packages:/home/rmc/ros2cli/build/ros2topic:/home/rmc/ros2cli/install/ros2topic/lib/python3.12/site-packages:/home/rmc/ros2cli/build/ros2component:/home/rmc/ros2cli/install/ros2component/lib/python3.12/site-packages:/home/rmc/ros2cli/build/ros2param:/home/rmc/ros2cli/install/ros2param/lib/python3.12/site-packages:/home/rmc/ros2cli/build/ros2lifecycle:/home/rmc/ros2cli/install/ros2lifecycle/lib/python3.12/site-packages:/home/rmc/ros2cli/build/ros2service:/home/rmc/ros2cli/install/ros2service/lib/python3.12/site-packages:/home/rmc/ros2cli/build/ros2run:/home/rmc/ros2cli/install/ros2run/lib/python3.12/site-packages:/home/rmc/ros2cli/build/ros2pkg:/home/rmc/ros2cli/install/ros2pkg/lib/python3.12/site-packages:/home/rmc/ros2cli/build/ros2node:/home/rmc/ros2cli/install/ros2node/lib/python3.12/site-packages:/home/rmc/ros2cli/build/ros2multicast:/home/rmc/ros2cli/install/ros2multicast/lib/python3.12/site-packages:/home/rmc/ros2cli/build/ros2interface:/home/rmc/ros2cli/install/ros2interface/lib/python3.12/site-packages:/home/rmc/ros2cli/build/ros2doctor:/home/rmc/ros2cli/install/ros2doctor/lib/python3.12/site-packages:/home/rmc/ros2cli/install/ros2cli_test_interfaces/lib/python3.12/site-packages:/home/rmc/ros2cli/build/ros2action:/home/rmc/ros2cli/install/ros2action/lib/python3.12/site-packages:/opt/ros/rolling/lib/python3.12/site-packages /usr/bin/python3 -W ignore:setup.py install is deprecated -W ignore:easy_install command is deprecated setup.py develop --editable --build-directory /home/rmc/ros2cli/build/ros2action/build --no-deps symlink_data
