[0.464s] Invoking command in '/home/rmc/ros2cli/build/ros2interface': AMENT_PREFIX_PATH=/home/rmc/ros2cli/install/ros2cli_test_interfaces:/home/rmc/ros2cli/install/ros2cli:${AMENT_PREFIX_PATH} CMAKE_PREFIX_PATH=/home/rmc/ros2cli/install/ros2cli_test_interfaces:${CMAKE_PREFIX_PATH} DEBUGINFOD_URLS=https://debuginfod.ubuntu.com LD_LIBRARY_PATH=/home/rmc/ros2cli/install/ros2cli_test_interfaces/lib:${LD_LIBRARY_PATH} PATH=/home/rmc/ros2cli/install/ros2cli/bin:${PATH} PYTHONPATH=/home/rmc/ros2cli/build/ros2interface/prefix_override:/usr/lib/python3/dist-packages/colcon_core/task/python/colcon_distutils_commands:/home/rmc/ros2cli/install/ros2interface/lib/python3.12/site-packages:/home/rmc/ros2cli/install/ros2cli_test_interfaces/lib/python3.12/site-packages:/home/rmc/ros2cli/build/ros2cli:/home/rmc/ros2cli/install/ros2cli/lib/python3.12/site-packages:${PYTHONPATH} /usr/bin/python3 -W ignore:setup.py install is deprecated -W ignore:easy_install command is deprecated setup.py develop --editable --build-directory /home/rmc/ros2cli/build/ros2interface/build --no-deps symlink_data
[0.648s] running develop
[0.762s] running egg_info
[0.762s] creating ros2interface.egg-info
[0.773s] writing ros2interface.egg-info/PKG-INFO
[0.773s] writing dependency_links to ros2interface.egg-info/dependency_links.txt
[0.773s] writing entry points to ros2interface.egg-info/entry_points.txt
[0.773s] writing requirements to ros2interface.egg-info/requires.txt
[0.773s] writing top-level names to ros2interface.egg-info/top_level.txt
[0.774s] writing manifest file 'ros2interface.egg-info/SOURCES.txt'
[0.797s] reading manifest file 'ros2interface.egg-info/SOURCES.txt'
[0.797s] writing manifest file 'ros2interface.egg-info/SOURCES.txt'
[0.809s] running build_ext
[0.809s] Creating /home/rmc/ros2cli/install/ros2interface/lib/python3.12/site-packages/ros2interface.egg-link (link to .)
[0.810s] 
[0.810s] Installed /home/rmc/ros2cli/build/ros2interface
[0.810s] running symlink_data
[0.810s] symbolically linking /home/rmc/ros2cli/build/ros2interface/package.xml -> /home/rmc/ros2cli/install/ros2interface/share/ros2interface
[0.810s] creating /home/rmc/ros2cli/install/ros2interface/share/ament_index
[0.810s] creating /home/rmc/ros2cli/install/ros2interface/share/ament_index/resource_index
[0.810s] creating /home/rmc/ros2cli/install/ros2interface/share/ament_index/resource_index/packages
[0.810s] symbolically linking /home/rmc/ros2cli/build/ros2interface/resource/ros2interface -> /home/rmc/ros2cli/install/ros2interface/share/ament_index/resource_index/packages
[0.828s] Invoked command in '/home/rmc/ros2cli/build/ros2interface' returned '0': AMENT_PREFIX_PATH=/home/rmc/ros2cli/install/ros2cli_test_interfaces:/home/rmc/ros2cli/install/ros2cli:${AMENT_PREFIX_PATH} CMAKE_PREFIX_PATH=/home/rmc/ros2cli/install/ros2cli_test_interfaces:${CMAKE_PREFIX_PATH} DEBUGINFOD_URLS=https://debuginfod.ubuntu.com LD_LIBRARY_PATH=/home/rmc/ros2cli/install/ros2cli_test_interfaces/lib:${LD_LIBRARY_PATH} PATH=/home/rmc/ros2cli/install/ros2cli/bin:${PATH} PYTHONPATH=/home/rmc/ros2cli/build/ros2interface/prefix_override:/usr/lib/python3/dist-packages/colcon_core/task/python/colcon_distutils_commands:/home/rmc/ros2cli/install/ros2interface/lib/python3.12/site-packages:/home/rmc/ros2cli/install/ros2cli_test_interfaces/lib/python3.12/site-packages:/home/rmc/ros2cli/build/ros2cli:/home/rmc/ros2cli/install/ros2cli/lib/python3.12/site-packages:${PYTHONPATH} /usr/bin/python3 -W ignore:setup.py install is deprecated -W ignore:easy_install command is deprecated setup.py develop --editable --build-directory /home/rmc/ros2cli/build/ros2interface/build --no-deps symlink_data
