running develop
running egg_info
creating ros2lifecycle.egg-info
writing ros2lifecycle.egg-info/PKG-INFO
writing dependency_links to ros2lifecycle.egg-info/dependency_links.txt
writing entry points to ros2lifecycle.egg-info/entry_points.txt
writing requirements to ros2lifecycle.egg-info/requires.txt
writing top-level names to ros2lifecycle.egg-info/top_level.txt
writing manifest file 'ros2lifecycle.egg-info/SOURCES.txt'
reading manifest file 'ros2lifecycle.egg-info/SOURCES.txt'
writing manifest file 'ros2lifecycle.egg-info/SOURCES.txt'
running build_ext
Creating /home/rmc/ros2cli/install/ros2lifecycle/lib/python3.12/site-packages/ros2lifecycle.egg-link (link to .)

Installed /home/rmc/ros2cli/build/ros2lifecycle
running symlink_data
symbolically linking /home/rmc/ros2cli/build/ros2lifecycle/package.xml -> /home/rmc/ros2cli/install/ros2lifecycle/share/ros2lifecycle
creating /home/rmc/ros2cli/install/ros2lifecycle/share/ament_index
creating /home/rmc/ros2cli/install/ros2lifecycle/share/ament_index/resource_index
creating /home/rmc/ros2cli/install/ros2lifecycle/share/ament_index/resource_index/packages
symbolically linking /home/rmc/ros2cli/build/ros2lifecycle/resource/ros2lifecycle -> /home/rmc/ros2cli/install/ros2lifecycle/share/ament_index/resource_index/packages
