[0.523s] Invoking command in '/home/rmc/ros2cli/build/ros2run': AMENT_PREFIX_PATH=/home/rmc/ros2cli/install/ros2pkg:/home/rmc/ros2cli/install/ros2cli:/home/rmc/ros2cli/install/ros2topic:/home/rmc/ros2cli/install/ros2component:/home/rmc/ros2cli/install/ros2param:/home/rmc/ros2cli/install/ros2lifecycle:/home/rmc/ros2cli/install/ros2service:/home/rmc/ros2cli/install/ros2run:/home/rmc/ros2cli/install/ros2node:/home/rmc/ros2cli/install/ros2multicast:/home/rmc/ros2cli/install/ros2lifecycle_test_fixtures:/home/rmc/ros2cli/install/ros2interface:/home/rmc/ros2cli/install/ros2doctor:/home/rmc/ros2cli/install/ros2cli_test_interfaces:/home/rmc/ros2cli/install/ros2action:/opt/ros/rolling DEBUGINFOD_URLS=https://debuginfod.ubuntu.com PYTHONPATH=/home/rmc/ros2cli/build/ros2run/prefix_override:/usr/lib/python3/dist-packages/colcon_core/task/python/colcon_distutils_commands:/home/rmc/ros2cli/install/ros2run/lib/python3.12/site-packages:/home/rmc/ros2cli/build/ros2pkg:/home/rmc/ros2cli/install/ros2pkg/lib/python3.12/site-packages:/home/rmc/ros2cli/build/ros2cli:/home/rmc/ros2cli/install/ros2cli/lib/python3.12/site-packages:/home/rmc/ros2cli/build/ros2topic:/home/rmc/ros2cli/install/ros2topic/lib/python3.12/site-packages:/home/rmc/ros2cli/build/ros2component:/home/rmc/ros2cli/install/ros2component/lib/python3.12/site-packages:/home/rmc/ros2cli/build/ros2param:/home/rmc/ros2cli/install/ros2param/lib/python3.12/site-packages:/home/rmc/ros2cli/build/ros2lifecycle:/home/rmc/ros2cli/install/ros2lifecycle/lib/python3.12/site-packages:/home/rmc/ros2cli/build/ros2service:/home/rmc/ros2cli/install/ros2service/lib/python3.12/site-packages:/home/rmc/ros2cli/build/ros2run:/home/rmc/ros2cli/install/ros2run/lib/python3.12/site-packages:/home/rmc/ros2cli/build/ros2node:/home/rmc/ros2cli/install/ros2node/lib/python3.12/site-packages:/home/rmc/ros2cli/build/ros2multicast:/home/rmc/ros2cli/install/ros2multicast/lib/python3.12/site-packages:/home/rmc/ros2cli/build/ros2interface:/home/rmc/ros2cli/install/ros2interface/lib/python3.12/site-packages:/home/rmc/ros2cli/build/ros2doctor:/home/rmc/ros2cli/install/ros2doctor/lib/python3.12/site-packages:/home/rmc/ros2cli/install/ros2cli_test_interfaces/lib/python3.12/site-packages:/home/rmc/ros2cli/build/ros2action:/home/rmc/ros2cli/install/ros2action/lib/python3.12/site-packages:/opt/ros/rolling/lib/python3.12/site-packages /usr/bin/python3 -W ignore:setup.py install is deprecated -W ignore:easy_install command is deprecated setup.py develop --editable --build-directory /home/rmc/ros2cli/build/ros2run/build --no-deps symlink_data
[0.742s] running develop
[0.875s] running egg_info
[0.875s] creating ros2run.egg-info
[0.887s] writing ros2run.egg-info/PKG-INFO
[0.887s] writing dependency_links to ros2run.egg-info/dependency_links.txt
[0.888s] writing entry points to ros2run.egg-info/entry_points.txt
[0.888s] writing requirements to ros2run.egg-info/requires.txt
[0.888s] writing top-level names to ros2run.egg-info/top_level.txt
[0.888s] writing manifest file 'ros2run.egg-info/SOURCES.txt'
[0.913s] reading manifest file 'ros2run.egg-info/SOURCES.txt'
[0.913s] writing manifest file 'ros2run.egg-info/SOURCES.txt'
[0.926s] running build_ext
[0.926s] Creating /home/rmc/ros2cli/install/ros2run/lib/python3.12/site-packages/ros2run.egg-link (link to .)
[0.927s] 
[0.927s] Installed /home/rmc/ros2cli/build/ros2run
[0.927s] running symlink_data
[0.927s] symbolically linking /home/rmc/ros2cli/build/ros2run/package.xml -> /home/rmc/ros2cli/install/ros2run/share/ros2run
[0.927s] creating /home/rmc/ros2cli/install/ros2run/share/ament_index
[0.928s] creating /home/rmc/ros2cli/install/ros2run/share/ament_index/resource_index
[0.928s] creating /home/rmc/ros2cli/install/ros2run/share/ament_index/resource_index/packages
[0.928s] symbolically linking /home/rmc/ros2cli/build/ros2run/resource/ros2run -> /home/rmc/ros2cli/install/ros2run/share/ament_index/resource_index/packages
[0.948s] Invoked command in '/home/rmc/ros2cli/build/ros2run' returned '0': AMENT_PREFIX_PATH=/home/rmc/ros2cli/install/ros2pkg:/home/rmc/ros2cli/install/ros2cli:/home/rmc/ros2cli/install/ros2topic:/home/rmc/ros2cli/install/ros2component:/home/rmc/ros2cli/install/ros2param:/home/rmc/ros2cli/install/ros2lifecycle:/home/rmc/ros2cli/install/ros2service:/home/rmc/ros2cli/install/ros2run:/home/rmc/ros2cli/install/ros2node:/home/rmc/ros2cli/install/ros2multicast:/home/rmc/ros2cli/install/ros2lifecycle_test_fixtures:/home/rmc/ros2cli/install/ros2interface:/home/rmc/ros2cli/install/ros2doctor:/home/rmc/ros2cli/install/ros2cli_test_interfaces:/home/rmc/ros2cli/install/ros2action:/opt/ros/rolling DEBUGINFOD_URLS=https://debuginfod.ubuntu.com PYTHONPATH=/home/rmc/ros2cli/build/ros2run/prefix_override:/usr/lib/python3/dist-packages/colcon_core/task/python/colcon_distutils_commands:/home/rmc/ros2cli/install/ros2run/lib/python3.12/site-packages:/home/rmc/ros2cli/build/ros2pkg:/home/rmc/ros2cli/install/ros2pkg/lib/python3.12/site-packages:/home/rmc/ros2cli/build/ros2cli:/home/rmc/ros2cli/install/ros2cli/lib/python3.12/site-packages:/home/rmc/ros2cli/build/ros2topic:/home/rmc/ros2cli/install/ros2topic/lib/python3.12/site-packages:/home/rmc/ros2cli/build/ros2component:/home/rmc/ros2cli/install/ros2component/lib/python3.12/site-packages:/home/rmc/ros2cli/build/ros2param:/home/rmc/ros2cli/install/ros2param/lib/python3.12/site-packages:/home/rmc/ros2cli/build/ros2lifecycle:/home/rmc/ros2cli/install/ros2lifecycle/lib/python3.12/site-packages:/home/rmc/ros2cli/build/ros2service:/home/rmc/ros2cli/install/ros2service/lib/python3.12/site-packages:/home/rmc/ros2cli/build/ros2run:/home/rmc/ros2cli/install/ros2run/lib/python3.12/site-packages:/home/rmc/ros2cli/build/ros2node:/home/rmc/ros2cli/install/ros2node/lib/python3.12/site-packages:/home/rmc/ros2cli/build/ros2multicast:/home/rmc/ros2cli/install/ros2multicast/lib/python3.12/site-packages:/home/rmc/ros2cli/build/ros2interface:/home/rmc/ros2cli/install/ros2interface/lib/python3.12/site-packages:/home/rmc/ros2cli/build/ros2doctor:/home/rmc/ros2cli/install/ros2doctor/lib/python3.12/site-packages:/home/rmc/ros2cli/install/ros2cli_test_interfaces/lib/python3.12/site-packages:/home/rmc/ros2cli/build/ros2action:/home/rmc/ros2cli/install/ros2action/lib/python3.12/site-packages:/opt/ros/rolling/lib/python3.12/site-packages /usr/bin/python3 -W ignore:setup.py install is deprecated -W ignore:easy_install command is deprecated setup.py develop --editable --build-directory /home/rmc/ros2cli/build/ros2run/build --no-deps symlink_data
