[0.706s] Invoking command in '/home/rmc/ros2cli/build/ros2param': AMENT_PREFIX_PATH=/home/rmc/ros2cli/install/ros2service:/home/rmc/ros2cli/install/ros2node:/home/rmc/ros2cli/install/ros2cli:${AMENT_PREFIX_PATH} DEBUGINFOD_URLS=https://debuginfod.ubuntu.com PATH=/home/rmc/ros2cli/install/ros2cli/bin:${PATH} PYTHONPATH=/home/rmc/ros2cli/build/ros2param/prefix_override:/usr/lib/python3/dist-packages/colcon_core/task/python/colcon_distutils_commands:/home/rmc/ros2cli/install/ros2param/lib/python3.12/site-packages:/home/rmc/ros2cli/build/ros2service:/home/rmc/ros2cli/install/ros2service/lib/python3.12/site-packages:/home/rmc/ros2cli/build/ros2node:/home/rmc/ros2cli/install/ros2node/lib/python3.12/site-packages:/home/rmc/ros2cli/build/ros2cli:/home/rmc/ros2cli/install/ros2cli/lib/python3.12/site-packages:${PYTHONPATH} /usr/bin/python3 -W ignore:setup.py install is deprecated -W ignore:easy_install command is deprecated setup.py develop --editable --build-directory /home/rmc/ros2cli/build/ros2param/build --no-deps symlink_data
[1.144s] running develop
[1.432s] running egg_info
[1.432s] creating ros2param.egg-info
[1.458s] writing ros2param.egg-info/PKG-INFO
[1.458s] writing dependency_links to ros2param.egg-info/dependency_links.txt
[1.458s] writing entry points to ros2param.egg-info/entry_points.txt
[1.458s] writing requirements to ros2param.egg-info/requires.txt
[1.458s] writing top-level names to ros2param.egg-info/top_level.txt
[1.458s] writing manifest file 'ros2param.egg-info/SOURCES.txt'
[1.494s] reading manifest file 'ros2param.egg-info/SOURCES.txt'
[1.495s] writing manifest file 'ros2param.egg-info/SOURCES.txt'
[1.507s] running build_ext
[1.507s] Creating /home/rmc/ros2cli/install/ros2param/lib/python3.12/site-packages/ros2param.egg-link (link to .)
[1.508s] 
[1.508s] Installed /home/rmc/ros2cli/build/ros2param
[1.508s] running symlink_data
[1.508s] symbolically linking /home/rmc/ros2cli/build/ros2param/package.xml -> /home/rmc/ros2cli/install/ros2param/share/ros2param
[1.508s] creating /home/rmc/ros2cli/install/ros2param/share/ament_index
[1.508s] creating /home/rmc/ros2cli/install/ros2param/share/ament_index/resource_index
[1.508s] creating /home/rmc/ros2cli/install/ros2param/share/ament_index/resource_index/packages
[1.508s] symbolically linking /home/rmc/ros2cli/build/ros2param/resource/ros2param -> /home/rmc/ros2cli/install/ros2param/share/ament_index/resource_index/packages
[1.528s] Invoked command in '/home/rmc/ros2cli/build/ros2param' returned '0': AMENT_PREFIX_PATH=/home/rmc/ros2cli/install/ros2service:/home/rmc/ros2cli/install/ros2node:/home/rmc/ros2cli/install/ros2cli:${AMENT_PREFIX_PATH} DEBUGINFOD_URLS=https://debuginfod.ubuntu.com PATH=/home/rmc/ros2cli/install/ros2cli/bin:${PATH} PYTHONPATH=/home/rmc/ros2cli/build/ros2param/prefix_override:/usr/lib/python3/dist-packages/colcon_core/task/python/colcon_distutils_commands:/home/rmc/ros2cli/install/ros2param/lib/python3.12/site-packages:/home/rmc/ros2cli/build/ros2service:/home/rmc/ros2cli/install/ros2service/lib/python3.12/site-packages:/home/rmc/ros2cli/build/ros2node:/home/rmc/ros2cli/install/ros2node/lib/python3.12/site-packages:/home/rmc/ros2cli/build/ros2cli:/home/rmc/ros2cli/install/ros2cli/lib/python3.12/site-packages:${PYTHONPATH} /usr/bin/python3 -W ignore:setup.py install is deprecated -W ignore:easy_install command is deprecated setup.py develop --editable --build-directory /home/rmc/ros2cli/build/ros2param/build --no-deps symlink_data
