running develop
running egg_info
creating ros2multicast.egg-info
writing ros2multicast.egg-info/PKG-INFO
writing dependency_links to ros2multicast.egg-info/dependency_links.txt
writing entry points to ros2multicast.egg-info/entry_points.txt
writing requirements to ros2multicast.egg-info/requires.txt
writing top-level names to ros2multicast.egg-info/top_level.txt
writing manifest file 'ros2multicast.egg-info/SOURCES.txt'
reading manifest file 'ros2multicast.egg-info/SOURCES.txt'
writing manifest file 'ros2multicast.egg-info/SOURCES.txt'
running build_ext
Creating /home/rmc/ros2cli/install/ros2multicast/lib/python3.12/site-packages/ros2multicast.egg-link (link to .)

Installed /home/rmc/ros2cli/build/ros2multicast
running symlink_data
symbolically linking /home/rmc/ros2cli/build/ros2multicast/package.xml -> /home/rmc/ros2cli/install/ros2multicast/share/ros2multicast
creating /home/rmc/ros2cli/install/ros2multicast/share/ament_index
creating /home/rmc/ros2cli/install/ros2multicast/share/ament_index/resource_index
creating /home/rmc/ros2cli/install/ros2multicast/share/ament_index/resource_index/packages
symbolically linking /home/rmc/ros2cli/build/ros2multicast/resource/ros2multicast -> /home/rmc/ros2cli/install/ros2multicast/share/ament_index/resource_index/packages
