[1.273s] Invoking command in '/home/rmc/ros2cli/build/ros2multicast': AMENT_PREFIX_PATH=/home/rmc/ros2cli/install/ros2cli:${AMENT_PREFIX_PATH} DEBUGINFOD_URLS=https://debuginfod.ubuntu.com PATH=/home/rmc/ros2cli/install/ros2cli/bin:${PATH} PYTHONPATH=/home/rmc/ros2cli/build/ros2multicast/prefix_override:/usr/lib/python3/dist-packages/colcon_core/task/python/colcon_distutils_commands:/home/rmc/ros2cli/install/ros2multicast/lib/python3.12/site-packages:/home/rmc/ros2cli/build/ros2cli:/home/rmc/ros2cli/install/ros2cli/lib/python3.12/site-packages:${PYTHONPATH} /usr/bin/python3 -W ignore:setup.py install is deprecated -W ignore:easy_install command is deprecated setup.py develop --editable --build-directory /home/rmc/ros2cli/build/ros2multicast/build --no-deps symlink_data
[1.480s] running develop
[1.605s] running egg_info
[1.605s] creating ros2multicast.egg-info
[1.619s] writing ros2multicast.egg-info/PKG-INFO
[1.619s] writing dependency_links to ros2multicast.egg-info/dependency_links.txt
[1.619s] writing entry points to ros2multicast.egg-info/entry_points.txt
[1.619s] writing requirements to ros2multicast.egg-info/requires.txt
[1.620s] writing top-level names to ros2multicast.egg-info/top_level.txt
[1.620s] writing manifest file 'ros2multicast.egg-info/SOURCES.txt'
[1.645s] reading manifest file 'ros2multicast.egg-info/SOURCES.txt'
[1.645s] writing manifest file 'ros2multicast.egg-info/SOURCES.txt'
[1.659s] running build_ext
[1.659s] Creating /home/rmc/ros2cli/install/ros2multicast/lib/python3.12/site-packages/ros2multicast.egg-link (link to .)
[1.659s] 
[1.659s] Installed /home/rmc/ros2cli/build/ros2multicast
[1.659s] running symlink_data
[1.659s] symbolically linking /home/rmc/ros2cli/build/ros2multicast/package.xml -> /home/rmc/ros2cli/install/ros2multicast/share/ros2multicast
[1.659s] creating /home/rmc/ros2cli/install/ros2multicast/share/ament_index
[1.659s] creating /home/rmc/ros2cli/install/ros2multicast/share/ament_index/resource_index
[1.659s] creating /home/rmc/ros2cli/install/ros2multicast/share/ament_index/resource_index/packages
[1.660s] symbolically linking /home/rmc/ros2cli/build/ros2multicast/resource/ros2multicast -> /home/rmc/ros2cli/install/ros2multicast/share/ament_index/resource_index/packages
[1.794s] Invoked command in '/home/rmc/ros2cli/build/ros2multicast' returned '0': AMENT_PREFIX_PATH=/home/rmc/ros2cli/install/ros2cli:${AMENT_PREFIX_PATH} DEBUGINFOD_URLS=https://debuginfod.ubuntu.com PATH=/home/rmc/ros2cli/install/ros2cli/bin:${PATH} PYTHONPATH=/home/rmc/ros2cli/build/ros2multicast/prefix_override:/usr/lib/python3/dist-packages/colcon_core/task/python/colcon_distutils_commands:/home/rmc/ros2cli/install/ros2multicast/lib/python3.12/site-packages:/home/rmc/ros2cli/build/ros2cli:/home/rmc/ros2cli/install/ros2cli/lib/python3.12/site-packages:${PYTHONPATH} /usr/bin/python3 -W ignore:setup.py install is deprecated -W ignore:easy_install command is deprecated setup.py develop --editable --build-directory /home/rmc/ros2cli/build/ros2multicast/build --no-deps symlink_data
